../Core/Src/main.c:66:6:delay	16	static
../Core/Src/main.c:73:6:Set_Pin_Output	40	static
../Core/Src/main.c:82:6:Set_Pin_Input	40	static
../Core/Src/main.c:94:9:DS18B20_Start	16	static
../Core/Src/main.c:112:6:DS18B20_Write	24	static
../Core/Src/main.c:144:9:DS18B20_Read	16	static
../Core/Src/main.c:172:5:main	8	static
../Core/Src/main.c:234:6:SystemClock_Config	88	static
../Core/Src/main.c:280:13:MX_TIM6_Init	16	static
../Core/Src/main.c:318:13:MX_GPIO_Init	40	static
../Core/Src/main.c:361:6:Error_Handler	4	static,ignoring_inline_asm
