Archive member included to satisfy reference by file (symbol)

c:/st/stm32cubeide_1.12.0/stm32cubeide/plugins/com.st.stm32cube.ide.mcu.externaltools.gnu-tools-for-stm32.10.3-2021.10.win32_1.0.200.202301161003/tools/bin/../lib/gcc/arm-none-eabi/10.3.1/../../../../arm-none-eabi/lib/thumb/v7e-m+fp/hard\libc_nano.a(lib_a-errno.o)
                              ./Core/Src/syscalls.o (__errno)
c:/st/stm32cubeide_1.12.0/stm32cubeide/plugins/com.st.stm32cube.ide.mcu.externaltools.gnu-tools-for-stm32.10.3-2021.10.win32_1.0.200.202301161003/tools/bin/../lib/gcc/arm-none-eabi/10.3.1/../../../../arm-none-eabi/lib/thumb/v7e-m+fp/hard\libc_nano.a(lib_a-exit.o)
                              c:/st/stm32cubeide_1.12.0/stm32cubeide/plugins/com.st.stm32cube.ide.mcu.externaltools.gnu-tools-for-stm32.10.3-2021.10.win32_1.0.200.202301161003/tools/bin/../lib/gcc/arm-none-eabi/10.3.1/../../../../arm-none-eabi/lib/thumb/v7e-m+fp/hard/crt0.o (exit)
c:/st/stm32cubeide_1.12.0/stm32cubeide/plugins/com.st.stm32cube.ide.mcu.externaltools.gnu-tools-for-stm32.10.3-2021.10.win32_1.0.200.202301161003/tools/bin/../lib/gcc/arm-none-eabi/10.3.1/../../../../arm-none-eabi/lib/thumb/v7e-m+fp/hard\libc_nano.a(lib_a-impure.o)
                              c:/st/stm32cubeide_1.12.0/stm32cubeide/plugins/com.st.stm32cube.ide.mcu.externaltools.gnu-tools-for-stm32.10.3-2021.10.win32_1.0.200.202301161003/tools/bin/../lib/gcc/arm-none-eabi/10.3.1/../../../../arm-none-eabi/lib/thumb/v7e-m+fp/hard\libc_nano.a(lib_a-exit.o) (_global_impure_ptr)
c:/st/stm32cubeide_1.12.0/stm32cubeide/plugins/com.st.stm32cube.ide.mcu.externaltools.gnu-tools-for-stm32.10.3-2021.10.win32_1.0.200.202301161003/tools/bin/../lib/gcc/arm-none-eabi/10.3.1/../../../../arm-none-eabi/lib/thumb/v7e-m+fp/hard\libc_nano.a(lib_a-init.o)
                              c:/st/stm32cubeide_1.12.0/stm32cubeide/plugins/com.st.stm32cube.ide.mcu.externaltools.gnu-tools-for-stm32.10.3-2021.10.win32_1.0.200.202301161003/tools/bin/../lib/gcc/arm-none-eabi/10.3.1/../../../../arm-none-eabi/lib/thumb/v7e-m+fp/hard/crt0.o (__libc_init_array)
c:/st/stm32cubeide_1.12.0/stm32cubeide/plugins/com.st.stm32cube.ide.mcu.externaltools.gnu-tools-for-stm32.10.3-2021.10.win32_1.0.200.202301161003/tools/bin/../lib/gcc/arm-none-eabi/10.3.1/../../../../arm-none-eabi/lib/thumb/v7e-m+fp/hard\libc_nano.a(lib_a-memset.o)
                              c:/st/stm32cubeide_1.12.0/stm32cubeide/plugins/com.st.stm32cube.ide.mcu.externaltools.gnu-tools-for-stm32.10.3-2021.10.win32_1.0.200.202301161003/tools/bin/../lib/gcc/arm-none-eabi/10.3.1/../../../../arm-none-eabi/lib/thumb/v7e-m+fp/hard/crt0.o (memset)
c:/st/stm32cubeide_1.12.0/stm32cubeide/plugins/com.st.stm32cube.ide.mcu.externaltools.gnu-tools-for-stm32.10.3-2021.10.win32_1.0.200.202301161003/tools/bin/../lib/gcc/arm-none-eabi/10.3.1/../../../../arm-none-eabi/lib/thumb/v7e-m+fp/hard\libc_nano.a(lib_a-sprintf.o)
                              ./Core/Src/main.o (sprintf)
c:/st/stm32cubeide_1.12.0/stm32cubeide/plugins/com.st.stm32cube.ide.mcu.externaltools.gnu-tools-for-stm32.10.3-2021.10.win32_1.0.200.202301161003/tools/bin/../lib/gcc/arm-none-eabi/10.3.1/../../../../arm-none-eabi/lib/thumb/v7e-m+fp/hard\libc_nano.a(lib_a-strlen.o)
                              ./Core/Src/main.o (strlen)
c:/st/stm32cubeide_1.12.0/stm32cubeide/plugins/com.st.stm32cube.ide.mcu.externaltools.gnu-tools-for-stm32.10.3-2021.10.win32_1.0.200.202301161003/tools/bin/../lib/gcc/arm-none-eabi/10.3.1/../../../../arm-none-eabi/lib/thumb/v7e-m+fp/hard\libc_nano.a(lib_a-strncmp.o)
                              ./Core/Src/main.o (strncmp)
c:/st/stm32cubeide_1.12.0/stm32cubeide/plugins/com.st.stm32cube.ide.mcu.externaltools.gnu-tools-for-stm32.10.3-2021.10.win32_1.0.200.202301161003/tools/bin/../lib/gcc/arm-none-eabi/10.3.1/../../../../arm-none-eabi/lib/thumb/v7e-m+fp/hard\libc_nano.a(lib_a-nano-svfprintf.o)
                              c:/st/stm32cubeide_1.12.0/stm32cubeide/plugins/com.st.stm32cube.ide.mcu.externaltools.gnu-tools-for-stm32.10.3-2021.10.win32_1.0.200.202301161003/tools/bin/../lib/gcc/arm-none-eabi/10.3.1/../../../../arm-none-eabi/lib/thumb/v7e-m+fp/hard\libc_nano.a(lib_a-sprintf.o) (_svfprintf_r)
c:/st/stm32cubeide_1.12.0/stm32cubeide/plugins/com.st.stm32cube.ide.mcu.externaltools.gnu-tools-for-stm32.10.3-2021.10.win32_1.0.200.202301161003/tools/bin/../lib/gcc/arm-none-eabi/10.3.1/../../../../arm-none-eabi/lib/thumb/v7e-m+fp/hard\libc_nano.a(lib_a-nano-vfprintf_i.o)
                              c:/st/stm32cubeide_1.12.0/stm32cubeide/plugins/com.st.stm32cube.ide.mcu.externaltools.gnu-tools-for-stm32.10.3-2021.10.win32_1.0.200.202301161003/tools/bin/../lib/gcc/arm-none-eabi/10.3.1/../../../../arm-none-eabi/lib/thumb/v7e-m+fp/hard\libc_nano.a(lib_a-nano-svfprintf.o) (_printf_i)
[...]
Memory Configuration

Name             Origin             Length             Attributes
CCMRAM           0x0000000010000000 0x0000000000010000 xrw
RAM              0x0000000020000000 0x0000000000020000 xrw
FLASH            0x0000000008000000 0x0000000000100000 xr
*default*        0x0000000000000000 0xffffffffffffffff

Linker script and memory map

LOAD c:/st/stm32cubeide_1.12.0/stm32cubeide/plugins/com.st.stm32cube.ide.mcu.externaltools.gnu-tools-for-stm32.10.3-2021.10.win32_1.0.200.202301161003/tools/bin/../lib/gcc/arm-none-eabi/10.3.1/thumb/v7e-m+fp/hard/crti.o
LOAD c:/st/stm32cubeide_1.12.0/stm32cubeide/plugins/com.st.stm32cube.ide.mcu.externaltools.gnu-tools-for-stm32.10.3-2021.10.win32_1.0.200.202301161003/tools/bin/../lib/gcc/arm-none-eabi/10.3.1/thumb/v7e-m+fp/hard/crtbegin.o
LOAD c:/st/stm32cubeide_1.12.0/stm32cubeide/plugins/com.st.stm32cube.ide.mcu.externaltools.gnu-tools-for-stm32.10.3-2021.10.win32_1.0.200.202301161003/tools/bin/../lib/gcc/arm-none-eabi/10.3.1/../../../../arm-none-eabi/lib/thumb/v7e-m+fp/hard/crt0.o
LOAD ./Core/Src/lis302dl.o
LOAD ./Core/Src/lis3dsh.o
LOAD ./Core/Src/main.o
LOAD ./Core/Src/stm32f4_discovery.o
LOAD ./Core/Src/stm32f4_discovery_accelerometer.o
LOAD ./Core/Src/stm32f4xx_hal_msp.o
LOAD ./Core/Src/stm32f4xx_it.o
LOAD ./Core/Src/syscalls.o
LOAD ./Core/Src/sysmem.o
LOAD ./Core/Src/system_stm32f4xx.o
LOAD ./Core/Startup/startup_stm32f407vgtx.o
LOAD ./Drivers/STM32F4xx_HAL_Driver/Src/stm32f4xx_hal.o
LOAD ./Drivers/STM32F4xx_HAL_Driver/Src/stm32f4xx_hal_cortex.o
LOAD ./Drivers/STM32F4xx_HAL_Driver/Src/stm32f4xx_hal_dma.o
LOAD ./Drivers/STM32F4xx_HAL_Driver/Src/stm32f4xx_hal_dma_ex.o
LOAD ./Drivers/STM32F4xx_HAL_Driver/Src/stm32f4xx_hal_exti.o
LOAD ./Drivers/STM32F4xx_HAL_Driver/Src/stm32f4xx_hal_flash.o
LOAD ./Drivers/STM32F4xx_HAL_Driver/Src/stm32f4xx_hal_flash_ex.o
LOAD ./Drivers/STM32F4xx_HAL_Driver/Src/stm32f4xx_hal_flash_ramfunc.o
LOAD ./Drivers/STM32F4xx_HAL_Driver/Src/stm32f4xx_hal_gpio.o
LOAD ./Drivers/STM32F4xx_HAL_Driver/Src/stm32f4xx_hal_i2c.o
LOAD ./Drivers/STM32F4xx_HAL_Driver/Src/stm32f4xx_hal_i2c_ex.o
LOAD ./Drivers/STM32F4xx_HAL_Driver/Src/stm32f4xx_hal_i2s.o
LOAD ./Drivers/STM32F4xx_HAL_Driver/Src/stm32f4xx_hal_i2s_ex.o
LOAD ./Drivers/STM32F4xx_HAL_Driver/Src/stm32f4xx_hal_pcd.o
LOAD ./Drivers/STM32F4xx_HAL_Driver/Src/stm32f4xx_hal_pcd_ex.o
LOAD ./Drivers/STM32F4xx_HAL_Driver/Src/stm32f4xx_hal_pwr.o
LOAD ./Drivers/STM32F4xx_HAL_Driver/Src/stm32f4xx_hal_pwr_ex.o
LOAD ./Drivers/STM32F4xx_HAL_Driver/Src/stm32f4xx_hal_rcc.o
LOAD ./Drivers/STM32F4xx_HAL_Driver/Src/stm32f4xx_hal_rcc_ex.o
LOAD ./Drivers/STM32F4xx_HAL_Driver/Src/stm32f4xx_hal_spi.o
LOAD ./Drivers/STM32F4xx_HAL_Driver/Src/stm32f4xx_hal_tim.o
LOAD ./Drivers/STM32F4xx_HAL_Driver/Src/stm32f4xx_hal_tim_ex.o
LOAD ./Drivers/STM32F4xx_HAL_Driver/Src/stm32f4xx_ll_usb.o
LOAD ./Middlewares/ST/STM32_USB_Device_Library/Class/CDC/Src/usbd_cdc.o
LOAD ./Middlewares/ST/STM32_USB_Device_Library/Core/Src/usbd_core.o
LOAD ./Middlewares/ST/STM32_USB_Device_Library/Core/Src/usbd_ctlreq.o
LOAD ./Middlewares/ST/STM32_USB_Device_Library/Core/Src/usbd_ioreq.o
LOAD ./USB_DEVICE/App/usb_device.o
LOAD ./USB_DEVICE/App/usbd_cdc_if.o
LOAD ./USB_DEVICE/App/usbd_desc.o
LOAD ./USB_DEVICE/Target/usbd_conf.o
START GROUP
LOAD c:/st/stm32cubeide_1.12.0/stm32cubeide/plugins/com.st.stm32cube.ide.mcu.externaltools.gnu-tools-for-stm32.10.3-2021.10.win32_1.0.200.202301161003/tools/bin/../lib/gcc/arm-none-eabi/10.3.1/../../../../arm-none-eabi/lib/thumb/v7e-m+fp/hard\libc_nano.a
LOAD c:/st/stm32cubeide_1.12.0/stm32cubeide/plugins/com.st.stm32cube.ide.mcu.externaltools.gnu-tools-for-stm32.10.3-2021.10.win32_1.0.200.202301161003/tools/bin/../lib/gcc/arm-none-eabi/10.3.1/../../../../arm-none-eabi/lib/thumb/v7e-m+fp/hard\libm.a
END GROUP
START GROUP
LOAD c:/st/stm32cubeide_1.12.0/stm32cubeide/plugins/com.st.stm32cube.ide.mcu.externaltools.gnu-tools-for-stm32.10.3-2021.10.win32_1.0.200.202301161003/tools/bin/../lib/gcc/arm-none-eabi/10.3.1/thumb/v7e-m+fp/hard\libgcc.a
LOAD c:/st/stm32cubeide_1.12.0/stm32cubeide/plugins/com.st.stm32cube.ide.mcu.externaltools.gnu-tools-for-stm32.10.3-2021.10.win32_1.0.200.202301161003/tools/bin/../lib/gcc/arm-none-eabi/10.3.1/../../../../arm-none-eabi/lib/thumb/v7e-m+fp/hard\libc_nano.a
END GROUP
START GROUP
LOAD c:/st/stm32cubeide_1.12.0/stm32cubeide/plugins/com.st.stm32cube.ide.mcu.externaltools.gnu-tools-for-stm32.10.3-2021.10.win32_1.0.200.202301161003/tools/bin/../lib/gcc/arm-none-eabi/10.3.1/thumb/v7e-m+fp/hard\libgcc.a
LOAD c:/st/stm32cubeide_1.12.0/stm32cubeide/plugins/com.st.stm32cube.ide.mcu.externaltools.gnu-tools-for-stm32.10.3-2021.10.win32_1.0.200.202301161003/tools/bin/../lib/gcc/arm-none-eabi/10.3.1/../../../../arm-none-eabi/lib/thumb/v7e-m+fp/hard\libc_nano.a
LOAD c:/st/stm32cubeide_1.12.0/stm32cubeide/plugins/com.st.stm32cube.ide.mcu.externaltools.gnu-tools-for-stm32.10.3-2021.10.win32_1.0.200.202301161003/tools/bin/../lib/gcc/arm-none-eabi/10.3.1/../../../../arm-none-eabi/lib/thumb/v7e-m+fp/hard\libnosys.a
END GROUP
START GROUP
LOAD c:/st/stm32cubeide_1.12.0/stm32cubeide/plugins/com.st.stm32cube.ide.mcu.externaltools.gnu-tools-for-stm32.10.3-2021.10.win32_1.0.200.202301161003/tools/bin/../lib/gcc/arm-none-eabi/10.3.1/thumb/v7e-m+fp/hard\libgcc.a
LOAD c:/st/stm32cubeide_1.12.0/stm32cubeide/plugins/com.st.stm32cube.ide.mcu.externaltools.gnu-tools-for-stm32.10.3-2021.10.win32_1.0.200.202301161003/tools/bin/../lib/gcc/arm-none-eabi/10.3.1/../../../../arm-none-eabi/lib/thumb/v7e-m+fp/hard\libc_nano.a
LOAD c:/st/stm32cubeide_1.12.0/stm32cubeide/plugins/com.st.stm32cube.ide.mcu.externaltools.gnu-tools-for-stm32.10.3-2021.10.win32_1.0.200.202301161003/tools/bin/../lib/gcc/arm-none-eabi/10.3.1/../../../../arm-none-eabi/lib/thumb/v7e-m+fp/hard\libnosys.a
END GROUP
LOAD c:/st/stm32cubeide_1.12.0/stm32cubeide/plugins/com.st.stm32cube.ide.mcu.externaltools.gnu-tools-for-stm32.10.3-2021.10.win32_1.0.200.202301161003/tools/bin/../lib/gcc/arm-none-eabi/10.3.1/thumb/v7e-m+fp/hard/crtend.o
LOAD c:/st/stm32cubeide_1.12.0/stm32cubeide/plugins/com.st.stm32cube.ide.mcu.externaltools.gnu-tools-for-stm32.10.3-2021.10.win32_1.0.200.202301161003/tools/bin/../lib/gcc/arm-none-eabi/10.3.1/thumb/v7e-m+fp/hard/crtn.o
                0x0000000020020000                _estack = (ORIGIN (RAM) + LENGTH (RAM))
                0x0000000000000200                _Min_Heap_Size = 0x200
                0x0000000000000400                _Min_Stack_Size = 0x400

.isr_vector     0x0000000008000000      0x188
                0x0000000008000000                . = ALIGN (0x4)
 *(.isr_vector)
 .isr_vector    0x0000000008000000      0x188 ./Core/Startup/startup_stm32f407vgtx.o
                0x0000000008000000                g_pfnVectors
                0x0000000008000188                . = ALIGN (0x4)

.text           0x0000000008000190     0x9fc4
                0x0000000008000190                . = ALIGN (0x4)
 *(.text)
 .text          0x0000000008000190       0x40 c:/st/stm32cubeide_1.12.0/stm32cubeide/plugins/com.st.stm32cube.ide.mcu.externaltools.gnu-tools-for-stm32.10.3-2021.10.win32_1.0.200.202301161003/tools/bin/../lib/gcc/arm-none-eabi/10.3.1/thumb/v7e-m+fp/hard/crtbegin.o
 .text          0x00000000080001d0       0x10 c:/st/stm32cubeide_1.12.0/stm32cubeide/plugins/com.st.stm32cube.ide.mcu.externaltools.gnu-tools-for-stm32.10.3-2021.10.win32_1.0.200.202301161003/tools/bin/../lib/gcc/arm-none-eabi/10.3.1/../../../../arm-none-eabi/lib/thumb/v7e-m+fp/hard\libc_nano.a(lib_a-strlen.o)
                0x00000000080001d0                strlen
 .text          0x00000000080001e0       0xa0 c:/st/stm32cubeide_1.12.0/stm32cubeide/plugins/com.st.stm32cube.ide.mcu.externaltools.gnu-tools-for-stm32.10.3-2021.10.win32_1.0.200.202301161003/tools/bin/../lib/gcc/arm-none-eabi/10.3.1/../../../../arm-none-eabi/lib/thumb/v7e-m+fp/hard\libc_nano.a(lib_a-memchr.o)
                0x00000000080001e0                memchr
 .text          0x0000000008000280       0x30 c:/st/stm32cubeide_1.12.0/stm32cubeide/plugins/com.st.stm32cube.ide.mcu.externaltools.gnu-tools-for-stm32.10.3-2021.10.win32_1.0.200.202301161003/tools/bin/../lib/gcc/arm-none-eabi/10.3.1/thumb/v7e-m+fp/hard\libgcc.a(_aeabi_uldivmod.o)
                0x0000000008000280                __aeabi_uldivmod
 .text          0x00000000080002b0      0x2d0 c:/st/stm32cubeide_1.12.0/stm32cubeide/plugins/com.st.stm32cube.ide.mcu.externaltools.gnu-tools-for-stm32.10.3-2021.10.win32_1.0.200.202301161003/tools/bin/../lib/gcc/arm-none-eabi/10.3.1/thumb/v7e-m+fp/hard\libgcc.a(_udivmoddi4.o)
                0x00000000080002b0                __udivmoddi4
 .text          0x0000000008000580        0x4 c:/st/stm32cubeide_1.12.0/stm32cubeide/plugins/com.st.stm32cube.ide.mcu.externaltools.gnu-tools-for-stm32.10.3-2021.10.win32_1.0.200.202301161003/tools/bin/../lib/gcc/arm-none-eabi/10.3.1/thumb/v7e-m+fp/hard\libgcc.a(_dvmd_tls.o)
                0x0000000008000580                __aeabi_idiv0
                0x0000000008000580                __aeabi_ldiv0
 *(.text*)
 .text.LIS302DL_Init
                0x0000000008000584       0x2e ./Core/Src/lis302dl.o
                0x0000000008000584                LIS302DL_Init
 .text.LIS302DL_DeInit
                0x00000000080005b2        0xe ./Core/Src/lis302dl.o
                0x00000000080005b2                LIS302DL_DeInit
 .text.LIS302DL_ReadID
                0x00000000080005c0       0x24 ./Core/Src/lis302dl.o
                0x00000000080005c0                LIS302DL_ReadID
 .text.LIS302DL_FilterConfig
                0x00000000080005e4       0x46 ./Core/Src/lis302dl.o
                0x00000000080005e4                LIS302DL_FilterConfig
 .text.LIS302DL_InterruptConfig
                0x000000000800062a       0x46 ./Core/Src/lis302dl.o
                0x000000000800062a                LIS302DL_InterruptConfig
 .text.LIS302DL_Click_IntConfig
                0x0000000008000670       0xaa ./Core/Src/lis302dl.o
                0x0000000008000670                LIS302DL_Click_IntConfig
 .text.LIS302DL_Click_IntClear
                0x000000000800071a       0x2c ./Core/Src/lis302dl.o
                0x000000000800071a                LIS302DL_Click_IntClear
 .text.LIS302DL_RebootCmd
                0x0000000008000746       0x30 ./Core/Src/lis302dl.o
                0x0000000008000746                LIS302DL_RebootCmd
 .text.LIS302DL_ReadACC
                0x0000000008000776       0xb4 ./Core/Src/lis302dl.o
                0x0000000008000776                LIS302DL_ReadACC
 .text.LIS3DSH_Init
                0x000000000800082a       0x46 ./Core/Src/lis3dsh.o
                0x000000000800082a                LIS3DSH_Init
 .text.LIS3DSH_DeInit
                0x0000000008000870        0xe ./Core/Src/lis3dsh.o
                0x0000000008000870                LIS3DSH_DeInit
 .text.LIS3DSH_ReadID
                0x000000000800087e       0x24 ./Core/Src/lis3dsh.o
                0x000000000800087e                LIS3DSH_ReadID
 .text.LIS3DSH_InterruptConfig
                0x00000000080008a2       0x70 ./Core/Src/lis3dsh.o
                0x00000000080008a2                LIS3DSH_InterruptConfig
 .text.LIS3DSH_Click_IntConfig
                0x0000000008000912       0xde ./Core/Src/lis3dsh.o
                0x0000000008000912                LIS3DSH_Click_IntConfig
 .text.LIS3DSH_RebootCmd
                0x00000000080009f0       0x30 ./Core/Src/lis3dsh.o
                0x00000000080009f0                LIS3DSH_RebootCmd
 .text.LIS3DSH_ReadACC
                0x0000000008000a20      0x1b4 ./Core/Src/lis3dsh.o
                0x0000000008000a20                LIS3DSH_ReadACC
 .text.USBRxHandler
                0x0000000008000bd4       0x38 ./Core/Src/main.o
                0x0000000008000bd4                USBRxHandler
 .text.main     0x0000000008000c0c       0xc0 ./Core/Src/main.o
                0x0000000008000c0c                main
 .text.SystemClock_Config
                0x0000000008000ccc       0xd4 ./Core/Src/main.o
                0x0000000008000ccc                SystemClock_Config
 .text.MX_I2C1_Init
                0x0000000008000da0       0x5c ./Core/Src/main.o
 .text.MX_I2S3_Init
                0x0000000008000dfc       0x60 ./Core/Src/main.o
 .text.MX_SPI1_Init
                0x0000000008000e5c       0x6c ./Core/Src/main.o
 .text.MX_GPIO_Init
                0x0000000008000ec8      0x1f8 ./Core/Src/main.o
 .text.Error_Handler
                0x00000000080010c0        0xa ./Core/Src/main.o
                0x00000000080010c0                Error_Handler
 *fill*         0x00000000080010ca        0x2 
 .text.SPIx_Init
                0x00000000080010cc       0x74 ./Core/Src/stm32f4_discovery.o
 .text.SPIx_WriteRead
                0x0000000008001140       0x40 ./Core/Src/stm32f4_discovery.o
 .text.SPIx_Error
                0x0000000008001180       0x18 ./Core/Src/stm32f4_discovery.o
 .text.SPIx_MspInit
                0x0000000008001198       0x70 ./Core/Src/stm32f4_discovery.o
 .text.ACCELERO_IO_Init
                0x0000000008001208       0x5c ./Core/Src/stm32f4_discovery.o
                0x0000000008001208                ACCELERO_IO_Init
 .text.ACCELERO_IO_ITConfig
                0x0000000008001264       0x60 ./Core/Src/stm32f4_discovery.o
                0x0000000008001264                ACCELERO_IO_ITConfig
 .text.ACCELERO_IO_Write
                0x00000000080012c4       0x64 ./Core/Src/stm32f4_discovery.o
                0x00000000080012c4                ACCELERO_IO_Write
 .text.ACCELERO_IO_Read
                0x0000000008001328       0x74 ./Core/Src/stm32f4_discovery.o
                0x0000000008001328                ACCELERO_IO_Read
 .text.BSP_ACCELERO_Init
                0x000000000800139c      0x118 ./Core/Src/stm32f4_discovery_accelerometer.o
                0x000000000800139c                BSP_ACCELERO_Init
 .text.BSP_ACCELERO_GetXYZ
                0x00000000080014b4       0x58 ./Core/Src/stm32f4_discovery_accelerometer.o
                0x00000000080014b4                BSP_ACCELERO_GetXYZ
 .text.HAL_MspInit
                0x000000000800150c       0x50 ./Core/Src/stm32f4xx_hal_msp.o
                0x000000000800150c                HAL_MspInit
 .text.HAL_I2C_MspInit
                0x000000000800155c       0x90 ./Core/Src/stm32f4xx_hal_msp.o
                0x000000000800155c                HAL_I2C_MspInit
 .text.HAL_I2S_MspInit
                0x00000000080015ec      0x100 ./Core/Src/stm32f4xx_hal_msp.o
                0x00000000080015ec                HAL_I2S_MspInit
 .text.HAL_SPI_MspInit
                0x00000000080016ec       0x90 ./Core/Src/stm32f4xx_hal_msp.o
                0x00000000080016ec                HAL_SPI_MspInit
 .text.HAL_SPI_MspDeInit
                0x000000000800177c       0x3c ./Core/Src/stm32f4xx_hal_msp.o
                0x000000000800177c                HAL_SPI_MspDeInit
 .text.NMI_Handler
                0x00000000080017b8        0x6 ./Core/Src/stm32f4xx_it.o
                0x00000000080017b8                NMI_Handler
 .text.HardFault_Handler
                0x00000000080017be        0x6 ./Core/Src/stm32f4xx_it.o
                0x00000000080017be                HardFault_Handler
 .text.MemManage_Handler
                0x00000000080017c4        0x6 ./Core/Src/stm32f4xx_it.o
                0x00000000080017c4                MemManage_Handler
 .text.BusFault_Handler
                0x00000000080017ca        0x6 ./Core/Src/stm32f4xx_it.o
                0x00000000080017ca                BusFault_Handler
 .text.UsageFault_Handler
                0x00000000080017d0        0x6 ./Core/Src/stm32f4xx_it.o
                0x00000000080017d0                UsageFault_Handler
 .text.SVC_Handler
                0x00000000080017d6        0xe ./Core/Src/stm32f4xx_it.o
                0x00000000080017d6                SVC_Handler
 .text.DebugMon_Handler
                0x00000000080017e4        0xe ./Core/Src/stm32f4xx_it.o
                0x00000000080017e4                DebugMon_Handler
 .text.PendSV_Handler
                0x00000000080017f2        0xe ./Core/Src/stm32f4xx_it.o
                0x00000000080017f2                PendSV_Handler
 .text.SysTick_Handler
                0x0000000008001800        0xc ./Core/Src/stm32f4xx_it.o
                0x0000000008001800                SysTick_Handler
 .text.OTG_FS_IRQHandler
                0x000000000800180c       0x14 ./Core/Src/stm32f4xx_it.o
                0x000000000800180c                OTG_FS_IRQHandler
 .text._sbrk    0x0000000008001820       0x6c ./Core/Src/sysmem.o
                0x0000000008001820                _sbrk
 .text.SystemInit
                0x000000000800188c       0x24 ./Core/Src/system_stm32f4xx.o
                0x000000000800188c                SystemInit
 .text.Reset_Handler
                0x00000000080018b0       0x50 ./Core/Startup/startup_stm32f407vgtx.o
                0x00000000080018b0                Reset_Handler
 .text.Default_Handler
                0x0000000008001900        0x2 ./Core/Startup/startup_stm32f407vgtx.o
                0x0000000008001900                RTC_Alarm_IRQHandler
                0x0000000008001900                HASH_RNG_IRQHandler
                0x0000000008001900                EXTI2_IRQHandler
                0x0000000008001900                TIM8_CC_IRQHandler
                0x0000000008001900                TIM1_CC_IRQHandler
                0x0000000008001900                DMA2_Stream5_IRQHandler
                0x0000000008001900                DMA1_Stream5_IRQHandler
                0x0000000008001900                PVD_IRQHandler
                0x0000000008001900                SDIO_IRQHandler
                0x0000000008001900                TAMP_STAMP_IRQHandler
                0x0000000008001900                CAN2_RX1_IRQHandler
                0x0000000008001900                EXTI3_IRQHandler
                0x0000000008001900                TIM8_TRG_COM_TIM14_IRQHandler
                0x0000000008001900                TIM1_UP_TIM10_IRQHandler
                0x0000000008001900                TIM8_UP_TIM13_IRQHandler
                0x0000000008001900                I2C3_ER_IRQHandler
                0x0000000008001900                EXTI0_IRQHandler
                0x0000000008001900                I2C2_EV_IRQHandler
                0x0000000008001900                DMA1_Stream2_IRQHandler
                0x0000000008001900                CAN1_RX0_IRQHandler
                0x0000000008001900                FPU_IRQHandler
                0x0000000008001900                OTG_HS_WKUP_IRQHandler
                0x0000000008001900                CAN2_SCE_IRQHandler
                0x0000000008001900                DMA2_Stream2_IRQHandler
                0x0000000008001900                SPI1_IRQHandler
                0x0000000008001900                TIM6_DAC_IRQHandler
                0x0000000008001900                TIM1_BRK_TIM9_IRQHandler
                0x0000000008001900                DCMI_IRQHandler
                0x0000000008001900                CAN2_RX0_IRQHandler
                0x0000000008001900                DMA2_Stream3_IRQHandler
                0x0000000008001900                USART6_IRQHandler
                0x0000000008001900                USART3_IRQHandler
                0x0000000008001900                CAN1_RX1_IRQHandler
                0x0000000008001900                UART5_IRQHandler
                0x0000000008001900                DMA2_Stream0_IRQHandler
                0x0000000008001900                TIM4_IRQHandler
                0x0000000008001900                I2C1_EV_IRQHandler
                0x0000000008001900                DMA1_Stream6_IRQHandler
                0x0000000008001900                DMA1_Stream1_IRQHandler
                0x0000000008001900                UART4_IRQHandler
                0x0000000008001900                TIM3_IRQHandler
                0x0000000008001900                RCC_IRQHandler
                0x0000000008001900                TIM8_BRK_TIM12_IRQHandler
                0x0000000008001900                Default_Handler
                0x0000000008001900                EXTI15_10_IRQHandler
                0x0000000008001900                ADC_IRQHandler
                0x0000000008001900                DMA1_Stream7_IRQHandler
                0x0000000008001900                TIM7_IRQHandler
                0x0000000008001900                CAN2_TX_IRQHandler
                0x0000000008001900                TIM5_IRQHandler
                0x0000000008001900                DMA2_Stream7_IRQHandler
                0x0000000008001900                I2C3_EV_IRQHandler
                0x0000000008001900                EXTI9_5_IRQHandler
                0x0000000008001900                RTC_WKUP_IRQHandler
                0x0000000008001900                ETH_WKUP_IRQHandler
                0x0000000008001900                SPI2_IRQHandler
                0x0000000008001900                OTG_HS_EP1_IN_IRQHandler
                0x0000000008001900                DMA1_Stream0_IRQHandler
                0x0000000008001900                CAN1_TX_IRQHandler
                0x0000000008001900                EXTI4_IRQHandler
                0x0000000008001900                FSMC_IRQHandler
                0x0000000008001900                ETH_IRQHandler
                0x0000000008001900                OTG_HS_EP1_OUT_IRQHandler
                0x0000000008001900                WWDG_IRQHandler
                0x0000000008001900                TIM2_IRQHandler
                0x0000000008001900                OTG_FS_WKUP_IRQHandler
                0x0000000008001900                TIM1_TRG_COM_TIM11_IRQHandler
                0x0000000008001900                OTG_HS_IRQHandler
                0x0000000008001900                EXTI1_IRQHandler
                0x0000000008001900                USART2_IRQHandler
                0x0000000008001900                I2C2_ER_IRQHandler
                0x0000000008001900                DMA2_Stream1_IRQHandler
                0x0000000008001900                CAN1_SCE_IRQHandler
                0x0000000008001900                FLASH_IRQHandler
                0x0000000008001900                DMA2_Stream4_IRQHandler
                0x0000000008001900                USART1_IRQHandler
                0x0000000008001900                SPI3_IRQHandler
                0x0000000008001900                DMA1_Stream4_IRQHandler
                0x0000000008001900                I2C1_ER_IRQHandler
                0x0000000008001900                DMA2_Stream6_IRQHandler
                0x0000000008001900                DMA1_Stream3_IRQHandler
 *fill*         0x0000000008001902        0x2 
 .text.HAL_Init
                0x0000000008001904       0x44 ./Drivers/STM32F4xx_HAL_Driver/Src/stm32f4xx_hal.o
                0x0000000008001904                HAL_Init
 .text.HAL_InitTick
                0x0000000008001948       0x60 ./Drivers/STM32F4xx_HAL_Driver/Src/stm32f4xx_hal.o
                0x0000000008001948                HAL_InitTick
 .text.HAL_IncTick
                0x00000000080019a8       0x28 ./Drivers/STM32F4xx_HAL_Driver/Src/stm32f4xx_hal.o
                0x00000000080019a8                HAL_IncTick
 .text.HAL_GetTick
                0x00000000080019d0       0x18 ./Drivers/STM32F4xx_HAL_Driver/Src/stm32f4xx_hal.o
                0x00000000080019d0                HAL_GetTick
 .text.HAL_Delay
                0x00000000080019e8       0x48 ./Drivers/STM32F4xx_HAL_Driver/Src/stm32f4xx_hal.o
                0x00000000080019e8                HAL_Delay
 .text.__NVIC_SetPriorityGrouping
                0x0000000008001a30       0x48 ./Drivers/STM32F4xx_HAL_Driver/Src/stm32f4xx_hal_cortex.o
 .text.__NVIC_GetPriorityGrouping
                0x0000000008001a78       0x1c ./Drivers/STM32F4xx_HAL_Driver/Src/stm32f4xx_hal_cortex.o
 .text.__NVIC_EnableIRQ
                0x0000000008001a94       0x3c ./Drivers/STM32F4xx_HAL_Driver/Src/stm32f4xx_hal_cortex.o
 .text.__NVIC_SetPriority
                0x0000000008001ad0       0x54 ./Drivers/STM32F4xx_HAL_Driver/Src/stm32f4xx_hal_cortex.o
 .text.NVIC_EncodePriority
                0x0000000008001b24       0x66 ./Drivers/STM32F4xx_HAL_Driver/Src/stm32f4xx_hal_cortex.o
 *fill*         0x0000000008001b8a        0x2 
 .text.SysTick_Config
                0x0000000008001b8c       0x44 ./Drivers/STM32F4xx_HAL_Driver/Src/stm32f4xx_hal_cortex.o
 .text.HAL_NVIC_SetPriorityGrouping
                0x0000000008001bd0       0x16 ./Drivers/STM32F4xx_HAL_Driver/Src/stm32f4xx_hal_cortex.o
                0x0000000008001bd0                HAL_NVIC_SetPriorityGrouping
 .text.HAL_NVIC_SetPriority
                0x0000000008001be6       0x38 ./Drivers/STM32F4xx_HAL_Driver/Src/stm32f4xx_hal_cortex.o
                0x0000000008001be6                HAL_NVIC_SetPriority
 .text.HAL_NVIC_EnableIRQ
                0x0000000008001c1e       0x1c ./Drivers/STM32F4xx_HAL_Driver/Src/stm32f4xx_hal_cortex.o
                0x0000000008001c1e                HAL_NVIC_EnableIRQ
 .text.HAL_SYSTICK_Config
                0x0000000008001c3a       0x18 ./Drivers/STM32F4xx_HAL_Driver/Src/stm32f4xx_hal_cortex.o
                0x0000000008001c3a                HAL_SYSTICK_Config
 *fill*         0x0000000008001c52        0x2 
 .text.HAL_GPIO_Init
                0x0000000008001c54      0x338 ./Drivers/STM32F4xx_HAL_Driver/Src/stm32f4xx_hal_gpio.o
                0x0000000008001c54                HAL_GPIO_Init
 .text.HAL_GPIO_DeInit
                0x0000000008001f8c      0x1f8 ./Drivers/STM32F4xx_HAL_Driver/Src/stm32f4xx_hal_gpio.o
                0x0000000008001f8c                HAL_GPIO_DeInit
 .text.HAL_GPIO_ReadPin
                0x0000000008002184       0x30 ./Drivers/STM32F4xx_HAL_Driver/Src/stm32f4xx_hal_gpio.o
                0x0000000008002184                HAL_GPIO_ReadPin
 .text.HAL_GPIO_WritePin
                0x00000000080021b4       0x32 ./Drivers/STM32F4xx_HAL_Driver/Src/stm32f4xx_hal_gpio.o
                0x00000000080021b4                HAL_GPIO_WritePin
 .text.HAL_GPIO_TogglePin
                0x00000000080021e6       0x34 ./Drivers/STM32F4xx_HAL_Driver/Src/stm32f4xx_hal_gpio.o
                0x00000000080021e6                HAL_GPIO_TogglePin
 *fill*         0x000000000800221a        0x2 
 .text.HAL_I2C_Init
                0x000000000800221c      0x288 ./Drivers/STM32F4xx_HAL_Driver/Src/stm32f4xx_hal_i2c.o
                0x000000000800221c                HAL_I2C_Init
 .text.HAL_I2S_Init
                0x00000000080024a4      0x280 ./Drivers/STM32F4xx_HAL_Driver/Src/stm32f4xx_hal_i2s.o
                0x00000000080024a4                HAL_I2S_Init
 .text.HAL_I2S_TxCpltCallback
                0x0000000008002724       0x14 ./Drivers/STM32F4xx_HAL_Driver/Src/stm32f4xx_hal_i2s.o
                0x0000000008002724                HAL_I2S_TxCpltCallback
 .text.HAL_I2S_RxCpltCallback
                0x0000000008002738       0x14 ./Drivers/STM32F4xx_HAL_Driver/Src/stm32f4xx_hal_i2s.o
                0x0000000008002738                HAL_I2S_RxCpltCallback
 .text.HAL_I2S_ErrorCallback
                0x000000000800274c       0x14 ./Drivers/STM32F4xx_HAL_Driver/Src/stm32f4xx_hal_i2s.o
                0x000000000800274c                HAL_I2S_ErrorCallback
 .text.I2S_Transmit_IT
                0x0000000008002760       0x5c ./Drivers/STM32F4xx_HAL_Driver/Src/stm32f4xx_hal_i2s.o
 .text.I2S_Receive_IT
                0x00000000080027bc       0x5e ./Drivers/STM32F4xx_HAL_Driver/Src/stm32f4xx_hal_i2s.o
 .text.I2S_IRQHandler
                0x000000000800281a      0x114 ./Drivers/STM32F4xx_HAL_Driver/Src/stm32f4xx_hal_i2s.o
 *fill*         0x000000000800292e        0x2 
 .text.HAL_I2SEx_FullDuplex_IRQHandler
                0x0000000008002930      0x2a8 ./Drivers/STM32F4xx_HAL_Driver/Src/stm32f4xx_hal_i2s_ex.o
                0x0000000008002930                HAL_I2SEx_FullDuplex_IRQHandler
 .text.HAL_I2SEx_TxRxCpltCallback
                0x0000000008002bd8       0x14 ./Drivers/STM32F4xx_HAL_Driver/Src/stm32f4xx_hal_i2s_ex.o
                0x0000000008002bd8                HAL_I2SEx_TxRxCpltCallback
 .text.I2SEx_TxISR_I2S
                0x0000000008002bec       0x62 ./Drivers/STM32F4xx_HAL_Driver/Src/stm32f4xx_hal_i2s_ex.o
 *fill*         0x0000000008002c4e        0x2 
 .text.I2SEx_TxISR_I2SExt
                0x0000000008002c50       0x98 ./Drivers/STM32F4xx_HAL_Driver/Src/stm32f4xx_hal_i2s_ex.o
 .text.I2SEx_RxISR_I2S
                0x0000000008002ce8       0x64 ./Drivers/STM32F4xx_HAL_Driver/Src/stm32f4xx_hal_i2s_ex.o
 .text.I2SEx_RxISR_I2SExt
                0x0000000008002d4c       0x98 ./Drivers/STM32F4xx_HAL_Driver/Src/stm32f4xx_hal_i2s_ex.o
 .text.HAL_PCD_Init
                0x0000000008002de4      0x23a ./Drivers/STM32F4xx_HAL_Driver/Src/stm32f4xx_hal_pcd.o
                0x0000000008002de4                HAL_PCD_Init
 .text.HAL_PCD_Start
                0x000000000800301e       0x66 ./Drivers/STM32F4xx_HAL_Driver/Src/stm32f4xx_hal_pcd.o
                0x000000000800301e                HAL_PCD_Start
 .text.HAL_PCD_IRQHandler
                0x0000000008003084      0x93e ./Drivers/STM32F4xx_HAL_Driver/Src/stm32f4xx_hal_pcd.o
                0x0000000008003084                HAL_PCD_IRQHandler
 .text.HAL_PCD_SetAddress
                0x00000000080039c2       0x4a ./Drivers/STM32F4xx_HAL_Driver/Src/stm32f4xx_hal_pcd.o
                0x00000000080039c2                HAL_PCD_SetAddress
 .text.HAL_PCD_EP_Open
                0x0000000008003a0c       0xd0 ./Drivers/STM32F4xx_HAL_Driver/Src/stm32f4xx_hal_pcd.o
                0x0000000008003a0c                HAL_PCD_EP_Open
 .text.HAL_PCD_EP_Close
                0x0000000008003adc       0x94 ./Drivers/STM32F4xx_HAL_Driver/Src/stm32f4xx_hal_pcd.o
                0x0000000008003adc                HAL_PCD_EP_Close
 .text.HAL_PCD_EP_Receive
                0x0000000008003b70       0x96 ./Drivers/STM32F4xx_HAL_Driver/Src/stm32f4xx_hal_pcd.o
                0x0000000008003b70                HAL_PCD_EP_Receive
 .text.HAL_PCD_EP_GetRxCount
                0x0000000008003c06       0x30 ./Drivers/STM32F4xx_HAL_Driver/Src/stm32f4xx_hal_pcd.o
                0x0000000008003c06                HAL_PCD_EP_GetRxCount
 .text.HAL_PCD_EP_Transmit
                0x0000000008003c36       0x94 ./Drivers/STM32F4xx_HAL_Driver/Src/stm32f4xx_hal_pcd.o
                0x0000000008003c36                HAL_PCD_EP_Transmit
 .text.HAL_PCD_EP_SetStall
                0x0000000008003cca       0xc8 ./Drivers/STM32F4xx_HAL_Driver/Src/stm32f4xx_hal_pcd.o
                0x0000000008003cca                HAL_PCD_EP_SetStall
 .text.HAL_PCD_EP_ClrStall
                0x0000000008003d92       0xac ./Drivers/STM32F4xx_HAL_Driver/Src/stm32f4xx_hal_pcd.o
                0x0000000008003d92                HAL_PCD_EP_ClrStall
 .text.HAL_PCD_EP_Abort
                0x0000000008003e3e       0x62 ./Drivers/STM32F4xx_HAL_Driver/Src/stm32f4xx_hal_pcd.o
                0x0000000008003e3e                HAL_PCD_EP_Abort
 .text.PCD_WriteEmptyTxFifo
                0x0000000008003ea0      0x11a ./Drivers/STM32F4xx_HAL_Driver/Src/stm32f4xx_hal_pcd.o
 *fill*         0x0000000008003fba        0x2 
 .text.PCD_EP_OutXfrComplete_int
                0x0000000008003fbc      0x1d0 ./Drivers/STM32F4xx_HAL_Driver/Src/stm32f4xx_hal_pcd.o
 .text.PCD_EP_OutSetupPacket_int
                0x000000000800418c       0x8c ./Drivers/STM32F4xx_HAL_Driver/Src/stm32f4xx_hal_pcd.o
 .text.HAL_PCDEx_SetTxFiFo
                0x0000000008004218       0x8e ./Drivers/STM32F4xx_HAL_Driver/Src/stm32f4xx_hal_pcd_ex.o
                0x0000000008004218                HAL_PCDEx_SetTxFiFo
 .text.HAL_PCDEx_SetRxFiFo
                0x00000000080042a6       0x22 ./Drivers/STM32F4xx_HAL_Driver/Src/stm32f4xx_hal_pcd_ex.o
                0x00000000080042a6                HAL_PCDEx_SetRxFiFo
 .text.HAL_PCDEx_LPM_Callback
                0x00000000080042c8       0x18 ./Drivers/STM32F4xx_HAL_Driver/Src/stm32f4xx_hal_pcd_ex.o
                0x00000000080042c8                HAL_PCDEx_LPM_Callback
 .text.HAL_RCC_OscConfig
                0x00000000080042e0      0x4f0 ./Drivers/STM32F4xx_HAL_Driver/Src/stm32f4xx_hal_rcc.o
                0x00000000080042e0                HAL_RCC_OscConfig
 .text.HAL_RCC_ClockConfig
                0x00000000080047d0      0x1cc ./Drivers/STM32F4xx_HAL_Driver/Src/stm32f4xx_hal_rcc.o
                0x00000000080047d0                HAL_RCC_ClockConfig
 .text.HAL_RCC_GetSysClockFreq
                0x000000000800499c      0x20c ./Drivers/STM32F4xx_HAL_Driver/Src/stm32f4xx_hal_rcc.o
                0x000000000800499c                HAL_RCC_GetSysClockFreq
 .text.HAL_RCC_GetHCLKFreq
                0x0000000008004ba8       0x18 ./Drivers/STM32F4xx_HAL_Driver/Src/stm32f4xx_hal_rcc.o
                0x0000000008004ba8                HAL_RCC_GetHCLKFreq
 .text.HAL_RCC_GetPCLK1Freq
                0x0000000008004bc0       0x28 ./Drivers/STM32F4xx_HAL_Driver/Src/stm32f4xx_hal_rcc.o
                0x0000000008004bc0                HAL_RCC_GetPCLK1Freq
 .text.HAL_RCCEx_PeriphCLKConfig
                0x0000000008004be8      0x1c4 ./Drivers/STM32F4xx_HAL_Driver/Src/stm32f4xx_hal_rcc_ex.o
                0x0000000008004be8                HAL_RCCEx_PeriphCLKConfig
 .text.HAL_RCCEx_GetPeriphCLKFreq
                0x0000000008004dac       0xbc ./Drivers/STM32F4xx_HAL_Driver/Src/stm32f4xx_hal_rcc_ex.o
                0x0000000008004dac                HAL_RCCEx_GetPeriphCLKFreq
 .text.HAL_SPI_Init
                0x0000000008004e68      0x112 ./Drivers/STM32F4xx_HAL_Driver/Src/stm32f4xx_hal_spi.o
                0x0000000008004e68                HAL_SPI_Init
 .text.HAL_SPI_DeInit
                0x0000000008004f7a       0x50 ./Drivers/STM32F4xx_HAL_Driver/Src/stm32f4xx_hal_spi.o
                0x0000000008004f7a                HAL_SPI_DeInit
 .text.HAL_SPI_TransmitReceive
                0x0000000008004fca      0x344 ./Drivers/STM32F4xx_HAL_Driver/Src/stm32f4xx_hal_spi.o
                0x0000000008004fca                HAL_SPI_TransmitReceive
 .text.HAL_SPI_GetState
                0x000000000800530e       0x1c ./Drivers/STM32F4xx_HAL_Driver/Src/stm32f4xx_hal_spi.o
                0x000000000800530e                HAL_SPI_GetState
 *fill*         0x000000000800532a        0x2 
 .text.SPI_WaitFlagStateUntilTimeout
                0x000000000800532c      0x110 ./Drivers/STM32F4xx_HAL_Driver/Src/stm32f4xx_hal_spi.o
 .text.SPI_EndRxTxTransaction
                0x000000000800543c       0x84 ./Drivers/STM32F4xx_HAL_Driver/Src/stm32f4xx_hal_spi.o
 .text.USB_CoreInit
                0x00000000080054c0       0xc2 ./Drivers/STM32F4xx_HAL_Driver/Src/stm32f4xx_ll_usb.o
                0x00000000080054c0                USB_CoreInit
 *fill*         0x0000000008005582        0x2 
 .text.USB_SetTurnaroundTime
                0x0000000008005584      0x144 ./Drivers/STM32F4xx_HAL_Driver/Src/stm32f4xx_ll_usb.o
                0x0000000008005584                USB_SetTurnaroundTime
 .text.USB_EnableGlobalInt
                0x00000000080056c8       0x22 ./Drivers/STM32F4xx_HAL_Driver/Src/stm32f4xx_ll_usb.o
                0x00000000080056c8                USB_EnableGlobalInt
 .text.USB_DisableGlobalInt
                0x00000000080056ea       0x22 ./Drivers/STM32F4xx_HAL_Driver/Src/stm32f4xx_ll_usb.o
                0x00000000080056ea                USB_DisableGlobalInt
 .text.USB_SetCurrentMode
                0x000000000800570c       0x98 ./Drivers/STM32F4xx_HAL_Driver/Src/stm32f4xx_ll_usb.o
                0x000000000800570c                USB_SetCurrentMode
 .text.USB_DevInit
                0x00000000080057a4      0x2c8 ./Drivers/STM32F4xx_HAL_Driver/Src/stm32f4xx_ll_usb.o
                0x00000000080057a4                USB_DevInit
 .text.USB_FlushTxFifo
                0x0000000008005a6c       0x68 ./Drivers/STM32F4xx_HAL_Driver/Src/stm32f4xx_ll_usb.o
                0x0000000008005a6c                USB_FlushTxFifo
 .text.USB_FlushRxFifo
                0x0000000008005ad4       0x60 ./Drivers/STM32F4xx_HAL_Driver/Src/stm32f4xx_ll_usb.o
                0x0000000008005ad4                USB_FlushRxFifo
 .text.USB_SetDevSpeed
                0x0000000008005b34       0x32 ./Drivers/STM32F4xx_HAL_Driver/Src/stm32f4xx_ll_usb.o
                0x0000000008005b34                USB_SetDevSpeed
 .text.USB_GetDevSpeed
                0x0000000008005b66       0x4a ./Drivers/STM32F4xx_HAL_Driver/Src/stm32f4xx_ll_usb.o
                0x0000000008005b66                USB_GetDevSpeed
 .text.USB_ActivateEndpoint
                0x0000000008005bb0      0x10e ./Drivers/STM32F4xx_HAL_Driver/Src/stm32f4xx_ll_usb.o
                0x0000000008005bb0                USB_ActivateEndpoint
 *fill*         0x0000000008005cbe        0x2 
 .text.USB_DeactivateEndpoint
                0x0000000008005cc0      0x1b8 ./Drivers/STM32F4xx_HAL_Driver/Src/stm32f4xx_ll_usb.o
                0x0000000008005cc0                USB_DeactivateEndpoint
 .text.USB_EPStartXfer
                0x0000000008005e78      0x490 ./Drivers/STM32F4xx_HAL_Driver/Src/stm32f4xx_ll_usb.o
                0x0000000008005e78                USB_EPStartXfer
 .text.USB_EP0StartXfer
                0x0000000008006308      0x2b0 ./Drivers/STM32F4xx_HAL_Driver/Src/stm32f4xx_ll_usb.o
                0x0000000008006308                USB_EP0StartXfer
 .text.USB_EPStopXfer
                0x00000000080065b8      0x154 ./Drivers/STM32F4xx_HAL_Driver/Src/stm32f4xx_ll_usb.o
                0x00000000080065b8                USB_EPStopXfer
 .text.USB_WritePacket
                0x000000000800670c       0x7c ./Drivers/STM32F4xx_HAL_Driver/Src/stm32f4xx_ll_usb.o
                0x000000000800670c                USB_WritePacket
 .text.USB_ReadPacket
                0x0000000008006788       0xb0 ./Drivers/STM32F4xx_HAL_Driver/Src/stm32f4xx_ll_usb.o
                0x0000000008006788                USB_ReadPacket
 .text.USB_EPSetStall
                0x0000000008006838       0xdc ./Drivers/STM32F4xx_HAL_Driver/Src/stm32f4xx_ll_usb.o
                0x0000000008006838                USB_EPSetStall
 .text.USB_EPClearStall
                0x0000000008006914       0xcc ./Drivers/STM32F4xx_HAL_Driver/Src/stm32f4xx_ll_usb.o
                0x0000000008006914                USB_EPClearStall
 .text.USB_SetDevAddress
                0x00000000080069e0       0x4c ./Drivers/STM32F4xx_HAL_Driver/Src/stm32f4xx_ll_usb.o
                0x00000000080069e0                USB_SetDevAddress
 .text.USB_DevConnect
                0x0000000008006a2c       0x42 ./Drivers/STM32F4xx_HAL_Driver/Src/stm32f4xx_ll_usb.o
                0x0000000008006a2c                USB_DevConnect
 .text.USB_DevDisconnect
                0x0000000008006a6e       0x42 ./Drivers/STM32F4xx_HAL_Driver/Src/stm32f4xx_ll_usb.o
                0x0000000008006a6e                USB_DevDisconnect
 .text.USB_ReadInterrupts
                0x0000000008006ab0       0x26 ./Drivers/STM32F4xx_HAL_Driver/Src/stm32f4xx_ll_usb.o
                0x0000000008006ab0                USB_ReadInterrupts
 .text.USB_ReadDevAllOutEpInterrupt
                0x0000000008006ad6       0x34 ./Drivers/STM32F4xx_HAL_Driver/Src/stm32f4xx_ll_usb.o
                0x0000000008006ad6                USB_ReadDevAllOutEpInterrupt
 .text.USB_ReadDevAllInEpInterrupt
                0x0000000008006b0a       0x34 ./Drivers/STM32F4xx_HAL_Driver/Src/stm32f4xx_ll_usb.o
                0x0000000008006b0a                USB_ReadDevAllInEpInterrupt
 .text.USB_ReadDevOutEPInterrupt
                0x0000000008006b3e       0x3c ./Drivers/STM32F4xx_HAL_Driver/Src/stm32f4xx_ll_usb.o
                0x0000000008006b3e                USB_ReadDevOutEPInterrupt
 .text.USB_ReadDevInEPInterrupt
                0x0000000008006b7a       0x5c ./Drivers/STM32F4xx_HAL_Driver/Src/stm32f4xx_ll_usb.o
                0x0000000008006b7a                USB_ReadDevInEPInterrupt
 .text.USB_GetMode
                0x0000000008006bd6       0x1c ./Drivers/STM32F4xx_HAL_Driver/Src/stm32f4xx_ll_usb.o
                0x0000000008006bd6                USB_GetMode
 .text.USB_ActivateSetup
                0x0000000008006bf2       0x46 ./Drivers/STM32F4xx_HAL_Driver/Src/stm32f4xx_ll_usb.o
                0x0000000008006bf2                USB_ActivateSetup
 .text.USB_EP0_OutStart
                0x0000000008006c38       0xbc ./Drivers/STM32F4xx_HAL_Driver/Src/stm32f4xx_ll_usb.o
                0x0000000008006c38                USB_EP0_OutStart
 .text.USB_CoreReset
                0x0000000008006cf4       0x68 ./Drivers/STM32F4xx_HAL_Driver/Src/stm32f4xx_ll_usb.o
 .text.USBD_CDC_Init
                0x0000000008006d5c      0x1f0 ./Middlewares/ST/STM32_USB_Device_Library/Class/CDC/Src/usbd_cdc.o
 .text.USBD_CDC_DeInit
                0x0000000008006f4c      0x104 ./Middlewares/ST/STM32_USB_Device_Library/Class/CDC/Src/usbd_cdc.o
 .text.USBD_CDC_Setup
                0x0000000008007050      0x1b8 ./Middlewares/ST/STM32_USB_Device_Library/Class/CDC/Src/usbd_cdc.o
 .text.USBD_CDC_DataIn
                0x0000000008007208       0xfe ./Middlewares/ST/STM32_USB_Device_Library/Class/CDC/Src/usbd_cdc.o
 .text.USBD_CDC_DataOut
                0x0000000008007306       0x70 ./Middlewares/ST/STM32_USB_Device_Library/Class/CDC/Src/usbd_cdc.o
 .text.USBD_CDC_EP0_RxReady
                0x0000000008007376       0x76 ./Middlewares/ST/STM32_USB_Device_Library/Class/CDC/Src/usbd_cdc.o
 .text.USBD_CDC_GetFSCfgDesc
                0x00000000080073ec       0x70 ./Middlewares/ST/STM32_USB_Device_Library/Class/CDC/Src/usbd_cdc.o
 .text.USBD_CDC_GetHSCfgDesc
                0x000000000800745c       0x70 ./Middlewares/ST/STM32_USB_Device_Library/Class/CDC/Src/usbd_cdc.o
 .text.USBD_CDC_GetOtherSpeedCfgDesc
                0x00000000080074cc       0x70 ./Middlewares/ST/STM32_USB_Device_Library/Class/CDC/Src/usbd_cdc.o
 .text.USBD_CDC_GetDeviceQualifierDescriptor
                0x000000000800753c       0x20 ./Middlewares/ST/STM32_USB_Device_Library/Class/CDC/Src/usbd_cdc.o
                0x000000000800753c                USBD_CDC_GetDeviceQualifierDescriptor
 .text.USBD_CDC_RegisterInterface
                0x000000000800755c       0x34 ./Middlewares/ST/STM32_USB_Device_Library/Class/CDC/Src/usbd_cdc.o
                0x000000000800755c                USBD_CDC_RegisterInterface
 .text.USBD_CDC_SetTxBuffer
                0x0000000008007590       0x44 ./Middlewares/ST/STM32_USB_Device_Library/Class/CDC/Src/usbd_cdc.o
                0x0000000008007590                USBD_CDC_SetTxBuffer
 .text.USBD_CDC_SetRxBuffer
                0x00000000080075d4       0x3a ./Middlewares/ST/STM32_USB_Device_Library/Class/CDC/Src/usbd_cdc.o
                0x00000000080075d4                USBD_CDC_SetRxBuffer
 *fill*         0x000000000800760e        0x2 
 .text.USBD_CDC_TransmitPacket
                0x0000000008007610       0x8c ./Middlewares/ST/STM32_USB_Device_Library/Class/CDC/Src/usbd_cdc.o
                0x0000000008007610                USBD_CDC_TransmitPacket
 .text.USBD_CDC_ReceivePacket
                0x000000000800769c       0x6c ./Middlewares/ST/STM32_USB_Device_Library/Class/CDC/Src/usbd_cdc.o
                0x000000000800769c                USBD_CDC_ReceivePacket
 .text.USBD_Init
                0x0000000008007708       0x60 ./Middlewares/ST/STM32_USB_Device_Library/Core/Src/usbd_core.o
                0x0000000008007708                USBD_Init
 .text.USBD_RegisterClass
                0x0000000008007768       0x6c ./Middlewares/ST/STM32_USB_Device_Library/Core/Src/usbd_core.o
                0x0000000008007768                USBD_RegisterClass
 .text.USBD_Start
                0x00000000080077d4       0x18 ./Middlewares/ST/STM32_USB_Device_Library/Core/Src/usbd_core.o
                0x00000000080077d4                USBD_Start
 .text.USBD_RunTestMode
                0x00000000080077ec       0x16 ./Middlewares/ST/STM32_USB_Device_Library/Core/Src/usbd_core.o
                0x00000000080077ec                USBD_RunTestMode
 .text.USBD_SetClassConfig
                0x0000000008007802       0x38 ./Middlewares/ST/STM32_USB_Device_Library/Core/Src/usbd_core.o
                0x0000000008007802                USBD_SetClassConfig
 .text.USBD_ClrClassConfig
                0x000000000800783a       0x34 ./Middlewares/ST/STM32_USB_Device_Library/Core/Src/usbd_core.o
                0x000000000800783a                USBD_ClrClassConfig
 .text.USBD_LL_SetupStage
                0x000000000800786e       0xaa ./Middlewares/ST/STM32_USB_Device_Library/Core/Src/usbd_core.o
                0x000000000800786e                USBD_LL_SetupStage
 .text.USBD_LL_DataOutStage
                0x0000000008007918      0x166 ./Middlewares/ST/STM32_USB_Device_Library/Core/Src/usbd_core.o
                0x0000000008007918                USBD_LL_DataOutStage
 .text.USBD_LL_DataInStage
                0x0000000008007a7e      0x164 ./Middlewares/ST/STM32_USB_Device_Library/Core/Src/usbd_core.o
                0x0000000008007a7e                USBD_LL_DataInStage
 .text.USBD_LL_Reset
                0x0000000008007be2       0xa4 ./Middlewares/ST/STM32_USB_Device_Library/Core/Src/usbd_core.o
                0x0000000008007be2                USBD_LL_Reset
 .text.USBD_LL_SetSpeed
                0x0000000008007c86       0x20 ./Middlewares/ST/STM32_USB_Device_Library/Core/Src/usbd_core.o
                0x0000000008007c86                USBD_LL_SetSpeed
 .text.USBD_LL_Suspend
                0x0000000008007ca6       0x2c ./Middlewares/ST/STM32_USB_Device_Library/Core/Src/usbd_core.o
                0x0000000008007ca6                USBD_LL_Suspend
 .text.USBD_LL_Resume
                0x0000000008007cd2       0x30 ./Middlewares/ST/STM32_USB_Device_Library/Core/Src/usbd_core.o
                0x0000000008007cd2                USBD_LL_Resume
 .text.USBD_LL_SOF
                0x0000000008007d02       0x40 ./Middlewares/ST/STM32_USB_Device_Library/Core/Src/usbd_core.o
                0x0000000008007d02                USBD_LL_SOF
 .text.USBD_LL_IsoINIncomplete
                0x0000000008007d42       0x64 ./Middlewares/ST/STM32_USB_Device_Library/Core/Src/usbd_core.o
                0x0000000008007d42                USBD_LL_IsoINIncomplete
 .text.USBD_LL_IsoOUTIncomplete
                0x0000000008007da6       0x64 ./Middlewares/ST/STM32_USB_Device_Library/Core/Src/usbd_core.o
                0x0000000008007da6                USBD_LL_IsoOUTIncomplete
 .text.USBD_LL_DevConnected
                0x0000000008007e0a       0x16 ./Middlewares/ST/STM32_USB_Device_Library/Core/Src/usbd_core.o
                0x0000000008007e0a                USBD_LL_DevConnected
 .text.USBD_LL_DevDisconnected
                0x0000000008007e20       0x46 ./Middlewares/ST/STM32_USB_Device_Library/Core/Src/usbd_core.o
                0x0000000008007e20                USBD_LL_DevDisconnected
 .text.USBD_CoreFindIF
                0x0000000008007e66       0x1a ./Middlewares/ST/STM32_USB_Device_Library/Core/Src/usbd_core.o
                0x0000000008007e66                USBD_CoreFindIF
 .text.USBD_CoreFindEP
                0x0000000008007e80       0x1a ./Middlewares/ST/STM32_USB_Device_Library/Core/Src/usbd_core.o
                0x0000000008007e80                USBD_CoreFindEP
 .text.USBD_GetEpDesc
                0x0000000008007e9a       0x74 ./Middlewares/ST/STM32_USB_Device_Library/Core/Src/usbd_core.o
                0x0000000008007e9a                USBD_GetEpDesc
 .text.USBD_GetNextDesc
                0x0000000008007f0e       0x3a ./Middlewares/ST/STM32_USB_Device_Library/Core/Src/usbd_core.o
                0x0000000008007f0e                USBD_GetNextDesc
 .text.SWAPBYTE
                0x0000000008007f48       0x3c ./Middlewares/ST/STM32_USB_Device_Library/Core/Src/usbd_ctlreq.o
 .text.USBD_StdDevReq
                0x0000000008007f84       0xe4 ./Middlewares/ST/STM32_USB_Device_Library/Core/Src/usbd_ctlreq.o
                0x0000000008007f84                USBD_StdDevReq
 .text.USBD_StdItfReq
                0x0000000008008068       0xd8 ./Middlewares/ST/STM32_USB_Device_Library/Core/Src/usbd_ctlreq.o
                0x0000000008008068                USBD_StdItfReq
 .text.USBD_StdEPReq
                0x0000000008008140      0x33a ./Middlewares/ST/STM32_USB_Device_Library/Core/Src/usbd_ctlreq.o
                0x0000000008008140                USBD_StdEPReq
 *fill*         0x000000000800847a        0x2 
 .text.USBD_GetDescriptor
                0x000000000800847c      0x2d4 ./Middlewares/ST/STM32_USB_Device_Library/Core/Src/usbd_ctlreq.o
 .text.USBD_SetAddress
                0x0000000008008750       0x88 ./Middlewares/ST/STM32_USB_Device_Library/Core/Src/usbd_ctlreq.o
 .text.USBD_SetConfig
                0x00000000080087d8      0x154 ./Middlewares/ST/STM32_USB_Device_Library/Core/Src/usbd_ctlreq.o
 .text.USBD_GetConfig
                0x000000000800892c       0x6c ./Middlewares/ST/STM32_USB_Device_Library/Core/Src/usbd_ctlreq.o
 .text.USBD_GetStatus
                0x0000000008008998       0x68 ./Middlewares/ST/STM32_USB_Device_Library/Core/Src/usbd_ctlreq.o
 .text.USBD_SetFeature
                0x0000000008008a00       0x52 ./Middlewares/ST/STM32_USB_Device_Library/Core/Src/usbd_ctlreq.o
 .text.USBD_ClrFeature
                0x0000000008008a52       0x44 ./Middlewares/ST/STM32_USB_Device_Library/Core/Src/usbd_ctlreq.o
 .text.USBD_ParseSetupRequest
                0x0000000008008a96       0x74 ./Middlewares/ST/STM32_USB_Device_Library/Core/Src/usbd_ctlreq.o
                0x0000000008008a96                USBD_ParseSetupRequest
 .text.USBD_CtlError
                0x0000000008008b0a       0x22 ./Middlewares/ST/STM32_USB_Device_Library/Core/Src/usbd_ctlreq.o
                0x0000000008008b0a                USBD_CtlError
 .text.USBD_GetString
                0x0000000008008b2c       0x8c ./Middlewares/ST/STM32_USB_Device_Library/Core/Src/usbd_ctlreq.o
                0x0000000008008b2c                USBD_GetString
 .text.USBD_GetLen
                0x0000000008008bb8       0x34 ./Middlewares/ST/STM32_USB_Device_Library/Core/Src/usbd_ctlreq.o
 .text.USBD_CtlSendData
                0x0000000008008bec       0x36 ./Middlewares/ST/STM32_USB_Device_Library/Core/Src/usbd_ioreq.o
                0x0000000008008bec                USBD_CtlSendData
 .text.USBD_CtlContinueSendData
                0x0000000008008c22       0x22 ./Middlewares/ST/STM32_USB_Device_Library/Core/Src/usbd_ioreq.o
                0x0000000008008c22                USBD_CtlContinueSendData
 .text.USBD_CtlPrepareRx
                0x0000000008008c44       0x3a ./Middlewares/ST/STM32_USB_Device_Library/Core/Src/usbd_ioreq.o
                0x0000000008008c44                USBD_CtlPrepareRx
 .text.USBD_CtlContinueRx
                0x0000000008008c7e       0x22 ./Middlewares/ST/STM32_USB_Device_Library/Core/Src/usbd_ioreq.o
                0x0000000008008c7e                USBD_CtlContinueRx
 .text.USBD_CtlSendStatus
                0x0000000008008ca0       0x26 ./Middlewares/ST/STM32_USB_Device_Library/Core/Src/usbd_ioreq.o
                0x0000000008008ca0                USBD_CtlSendStatus
 .text.USBD_CtlReceiveStatus
                0x0000000008008cc6       0x26 ./Middlewares/ST/STM32_USB_Device_Library/Core/Src/usbd_ioreq.o
                0x0000000008008cc6                USBD_CtlReceiveStatus
 .text.MX_USB_DEVICE_Init
                0x0000000008008cec       0x60 ./USB_DEVICE/App/usb_device.o
                0x0000000008008cec                MX_USB_DEVICE_Init
 .text.CDC_Init_FS
                0x0000000008008d4c       0x28 ./USB_DEVICE/App/usbd_cdc_if.o
 .text.CDC_DeInit_FS
                0x0000000008008d74       0x10 ./USB_DEVICE/App/usbd_cdc_if.o
 .text.CDC_Control_FS
                0x0000000008008d84      0x144 ./USB_DEVICE/App/usbd_cdc_if.o
 .text.CDC_Receive_FS
                0x0000000008008ec8       0x38 ./USB_DEVICE/App/usbd_cdc_if.o
 .text.CDC_Transmit_FS
                0x0000000008008f00       0x4c ./USB_DEVICE/App/usbd_cdc_if.o
                0x0000000008008f00                CDC_Transmit_FS
 .text.CDC_TransmitCplt_FS
                0x0000000008008f4c       0x22 ./USB_DEVICE/App/usbd_cdc_if.o
 *fill*         0x0000000008008f6e        0x2 
 .text.USBD_FS_DeviceDescriptor
                0x0000000008008f70       0x24 ./USB_DEVICE/App/usbd_desc.o
                0x0000000008008f70                USBD_FS_DeviceDescriptor
 .text.USBD_FS_LangIDStrDescriptor
                0x0000000008008f94       0x24 ./USB_DEVICE/App/usbd_desc.o
                0x0000000008008f94                USBD_FS_LangIDStrDescriptor
 .text.USBD_FS_ProductStrDescriptor
                0x0000000008008fb8       0x3c ./USB_DEVICE/App/usbd_desc.o
                0x0000000008008fb8                USBD_FS_ProductStrDescriptor
 .text.USBD_FS_ManufacturerStrDescriptor
                0x0000000008008ff4       0x28 ./USB_DEVICE/App/usbd_desc.o
                0x0000000008008ff4                USBD_FS_ManufacturerStrDescriptor
 .text.USBD_FS_SerialStrDescriptor
                0x000000000800901c       0x24 ./USB_DEVICE/App/usbd_desc.o
                0x000000000800901c                USBD_FS_SerialStrDescriptor
 .text.USBD_FS_ConfigStrDescriptor
                0x0000000008009040       0x3c ./USB_DEVICE/App/usbd_desc.o
                0x0000000008009040                USBD_FS_ConfigStrDescriptor
 .text.USBD_FS_InterfaceStrDescriptor
                0x000000000800907c       0x3c ./USB_DEVICE/App/usbd_desc.o
                0x000000000800907c                USBD_FS_InterfaceStrDescriptor
 .text.Get_SerialNum
                0x00000000080090b8       0x58 ./USB_DEVICE/App/usbd_desc.o
 .text.IntToUnicode
                0x0000000008009110       0x7e ./USB_DEVICE/App/usbd_desc.o
 *fill*         0x000000000800918e        0x2 
 .text.HAL_PCD_MspInit
                0x0000000008009190       0xc4 ./USB_DEVICE/Target/usbd_conf.o
                0x0000000008009190                HAL_PCD_MspInit
 .text.HAL_PCD_SetupStageCallback
                0x0000000008009254       0x24 ./USB_DEVICE/Target/usbd_conf.o
                0x0000000008009254                HAL_PCD_SetupStageCallback
 .text.HAL_PCD_DataOutStageCallback
                0x0000000008009278       0x36 ./USB_DEVICE/Target/usbd_conf.o
                0x0000000008009278                HAL_PCD_DataOutStageCallback
 .text.HAL_PCD_DataInStageCallback
                0x00000000080092ae       0x34 ./USB_DEVICE/Target/usbd_conf.o
                0x00000000080092ae                HAL_PCD_DataInStageCallback
 .text.HAL_PCD_SOFCallback
                0x00000000080092e2       0x1c ./USB_DEVICE/Target/usbd_conf.o
                0x00000000080092e2                HAL_PCD_SOFCallback
 .text.HAL_PCD_ResetCallback
                0x00000000080092fe       0x50 ./USB_DEVICE/Target/usbd_conf.o
                0x00000000080092fe                HAL_PCD_ResetCallback
 *fill*         0x000000000800934e        0x2 
 .text.HAL_PCD_SuspendCallback
                0x0000000008009350       0x4c ./USB_DEVICE/Target/usbd_conf.o
                0x0000000008009350                HAL_PCD_SuspendCallback
 .text.HAL_PCD_ResumeCallback
                0x000000000800939c       0x1c ./USB_DEVICE/Target/usbd_conf.o
                0x000000000800939c                HAL_PCD_ResumeCallback
 .text.HAL_PCD_ISOOUTIncompleteCallback
                0x00000000080093b8       0x24 ./USB_DEVICE/Target/usbd_conf.o
                0x00000000080093b8                HAL_PCD_ISOOUTIncompleteCallback
 .text.HAL_PCD_ISOINIncompleteCallback
                0x00000000080093dc       0x24 ./USB_DEVICE/Target/usbd_conf.o
                0x00000000080093dc                HAL_PCD_ISOINIncompleteCallback
 .text.HAL_PCD_ConnectCallback
                0x0000000008009400       0x1c ./USB_DEVICE/Target/usbd_conf.o
                0x0000000008009400                HAL_PCD_ConnectCallback
 .text.HAL_PCD_DisconnectCallback
                0x000000000800941c       0x1c ./USB_DEVICE/Target/usbd_conf.o
                0x000000000800941c                HAL_PCD_DisconnectCallback
 .text.USBD_LL_Init
                0x0000000008009438       0x98 ./USB_DEVICE/Target/usbd_conf.o
                0x0000000008009438                USBD_LL_Init
 .text.USBD_LL_Start
                0x00000000080094d0       0x36 ./USB_DEVICE/Target/usbd_conf.o
                0x00000000080094d0                USBD_LL_Start
 .text.USBD_LL_OpenEP
                0x0000000008009506       0x4c ./USB_DEVICE/Target/usbd_conf.o
                0x0000000008009506                USBD_LL_OpenEP
 .text.USBD_LL_CloseEP
                0x0000000008009552       0x3e ./USB_DEVICE/Target/usbd_conf.o
                0x0000000008009552                USBD_LL_CloseEP
 .text.USBD_LL_StallEP
                0x0000000008009590       0x3e ./USB_DEVICE/Target/usbd_conf.o
                0x0000000008009590                USBD_LL_StallEP
 .text.USBD_LL_ClearStallEP
                0x00000000080095ce       0x3e ./USB_DEVICE/Target/usbd_conf.o
                0x00000000080095ce                USBD_LL_ClearStallEP
 .text.USBD_LL_IsStallEP
                0x000000000800960c       0x58 ./USB_DEVICE/Target/usbd_conf.o
                0x000000000800960c                USBD_LL_IsStallEP
 .text.USBD_LL_SetUSBAddress
                0x0000000008009664       0x3e ./USB_DEVICE/Target/usbd_conf.o
                0x0000000008009664                USBD_LL_SetUSBAddress
 .text.USBD_LL_Transmit
                0x00000000080096a2       0x42 ./USB_DEVICE/Target/usbd_conf.o
                0x00000000080096a2                USBD_LL_Transmit
 .text.USBD_LL_PrepareReceive
                0x00000000080096e4       0x42 ./USB_DEVICE/Target/usbd_conf.o
                0x00000000080096e4                USBD_LL_PrepareReceive
 .text.USBD_LL_GetRxDataSize
                0x0000000008009726       0x26 ./USB_DEVICE/Target/usbd_conf.o
                0x0000000008009726                USBD_LL_GetRxDataSize
 .text.USBD_static_malloc
                0x000000000800974c       0x1c ./USB_DEVICE/Target/usbd_conf.o
                0x000000000800974c                USBD_static_malloc
 .text.USBD_static_free
                0x0000000008009768       0x14 ./USB_DEVICE/Target/usbd_conf.o
                0x0000000008009768                USBD_static_free
 .text.USBD_Get_USB_Status
                0x000000000800977c       0x58 ./USB_DEVICE/Target/usbd_conf.o
                0x000000000800977c                USBD_Get_USB_Status
 .text.__errno  0x00000000080097d4        0xc c:/st/stm32cubeide_1.12.0/stm32cubeide/plugins/com.st.stm32cube.ide.mcu.externaltools.gnu-tools-for-stm32.10.3-2021.10.win32_1.0.200.202301161003/tools/bin/../lib/gcc/arm-none-eabi/10.3.1/../../../../arm-none-eabi/lib/thumb/v7e-m+fp/hard\libc_nano.a(lib_a-errno.o)
                0x00000000080097d4                __errno
 .text.__libc_init_array
                0x00000000080097e0       0x48 c:/st/stm32cubeide_1.12.0/stm32cubeide/plugins/com.st.stm32cube.ide.mcu.externaltools.gnu-tools-for-stm32.10.3-2021.10.win32_1.0.200.202301161003/tools/bin/../lib/gcc/arm-none-eabi/10.3.1/../../../../arm-none-eabi/lib/thumb/v7e-m+fp/hard\libc_nano.a(lib_a-init.o)
                0x00000000080097e0                __libc_init_array
 .text.memset   0x0000000008009828       0x10 c:/st/stm32cubeide_1.12.0/stm32cubeide/plugins/com.st.stm32cube.ide.mcu.externaltools.gnu-tools-for-stm32.10.3-2021.10.win32_1.0.200.202301161003/tools/bin/../lib/gcc/arm-none-eabi/10.3.1/../../../../arm-none-eabi/lib/thumb/v7e-m+fp/hard\libc_nano.a(lib_a-memset.o)
                0x0000000008009828                memset
 .text.sprintf  0x0000000008009838       0x40 c:/st/stm32cubeide_1.12.0/stm32cubeide/plugins/com.st.stm32cube.ide.mcu.externaltools.gnu-tools-for-stm32.10.3-2021.10.win32_1.0.200.202301161003/tools/bin/../lib/gcc/arm-none-eabi/10.3.1/../../../../arm-none-eabi/lib/thumb/v7e-m+fp/hard\libc_nano.a(lib_a-sprintf.o)
                0x0000000008009838                siprintf
                0x0000000008009838                sprintf
 .text.strncmp  0x0000000008009878       0x28 c:/st/stm32cubeide_1.12.0/stm32cubeide/plugins/com.st.stm32cube.ide.mcu.externaltools.gnu-tools-for-stm32.10.3-2021.10.win32_1.0.200.202301161003/tools/bin/../lib/gcc/arm-none-eabi/10.3.1/../../../../arm-none-eabi/lib/thumb/v7e-m+fp/hard\libc_nano.a(lib_a-strncmp.o)
                0x0000000008009878                strncmp
 .text.__ssputs_r
                0x00000000080098a0       0xb6 c:/st/stm32cubeide_1.12.0/stm32cubeide/plugins/com.st.stm32cube.ide.mcu.externaltools.gnu-tools-for-stm32.10.3-2021.10.win32_1.0.200.202301161003/tools/bin/../lib/gcc/arm-none-eabi/10.3.1/../../../../arm-none-eabi/lib/thumb/v7e-m+fp/hard\libc_nano.a(lib_a-nano-svfprintf.o)
                0x00000000080098a0                __ssputs_r
 *fill*         0x0000000008009956        0x2 
 .text._svfprintf_r
                0x0000000008009958      0x200 c:/st/stm32cubeide_1.12.0/stm32cubeide/plugins/com.st.stm32cube.ide.mcu.externaltools.gnu-tools-for-stm32.10.3-2021.10.win32_1.0.200.202301161003/tools/bin/../lib/gcc/arm-none-eabi/10.3.1/../../../../arm-none-eabi/lib/thumb/v7e-m+fp/hard\libc_nano.a(lib_a-nano-svfprintf.o)
                0x0000000008009958                _svfiprintf_r
                0x0000000008009958                _svfprintf_r
 .text._printf_common
                0x0000000008009b58       0xda c:/st/stm32cubeide_1.12.0/stm32cubeide/plugins/com.st.stm32cube.ide.mcu.externaltools.gnu-tools-for-stm32.10.3-2021.10.win32_1.0.200.202301161003/tools/bin/../lib/gcc/arm-none-eabi/10.3.1/../../../../arm-none-eabi/lib/thumb/v7e-m+fp/hard\libc_nano.a(lib_a-nano-vfprintf_i.o)
                0x0000000008009b58                _printf_common
 *fill*         0x0000000008009c32        0x2 
 .text._printf_i
                0x0000000008009c34      0x24c c:/st/stm32cubeide_1.12.0/stm32cubeide/plugins/com.st.stm32cube.ide.mcu.externaltools.gnu-tools-for-stm32.10.3-2021.10.win32_1.0.200.202301161003/tools/bin/../lib/gcc/arm-none-eabi/10.3.1/../../../../arm-none-eabi/lib/thumb/v7e-m+fp/hard\libc_nano.a(lib_a-nano-vfprintf_i.o)
                0x0000000008009c34                _printf_i
 .text.memcpy   0x0000000008009e80       0x1c c:/st/stm32cubeide_1.12.0/stm32cubeide/plugins/com.st.stm32cube.ide.mcu.externaltools.gnu-tools-for-stm32.10.3-2021.10.win32_1.0.200.202301161003/tools/bin/../lib/gcc/arm-none-eabi/10.3.1/../../../../arm-none-eabi/lib/thumb/v7e-m+fp/hard\libc_nano.a(lib_a-memcpy-stub.o)
                0x0000000008009e80                memcpy
 .text.memmove  0x0000000008009e9c       0x34 c:/st/stm32cubeide_1.12.0/stm32cubeide/plugins/com.st.stm32cube.ide.mcu.externaltools.gnu-tools-for-stm32.10.3-2021.10.win32_1.0.200.202301161003/tools/bin/../lib/gcc/arm-none-eabi/10.3.1/../../../../arm-none-eabi/lib/thumb/v7e-m+fp/hard\libc_nano.a(lib_a-memmove.o)
                0x0000000008009e9c                memmove
 .text._free_r  0x0000000008009ed0       0x98 c:/st/stm32cubeide_1.12.0/stm32cubeide/plugins/com.st.stm32cube.ide.mcu.externaltools.gnu-tools-for-stm32.10.3-2021.10.win32_1.0.200.202301161003/tools/bin/../lib/gcc/arm-none-eabi/10.3.1/../../../../arm-none-eabi/lib/thumb/v7e-m+fp/hard\libc_nano.a(lib_a-nano-freer.o)
                0x0000000008009ed0                _free_r
 .text.sbrk_aligned
                0x0000000008009f68       0x40 c:/st/stm32cubeide_1.12.0/stm32cubeide/plugins/com.st.stm32cube.ide.mcu.externaltools.gnu-tools-for-stm32.10.3-2021.10.win32_1.0.200.202301161003/tools/bin/../lib/gcc/arm-none-eabi/10.3.1/../../../../arm-none-eabi/lib/thumb/v7e-m+fp/hard\libc_nano.a(lib_a-nano-mallocr.o)
 .text._malloc_r
                0x0000000008009fa8       0xe8 c:/st/stm32cubeide_1.12.0/stm32cubeide/plugins/com.st.stm32cube.ide.mcu.externaltools.gnu-tools-for-stm32.10.3-2021.10.win32_1.0.200.202301161003/tools/bin/../lib/gcc/arm-none-eabi/10.3.1/../../../../arm-none-eabi/lib/thumb/v7e-m+fp/hard\libc_nano.a(lib_a-nano-mallocr.o)
                0x0000000008009fa8                _malloc_r
 .text._realloc_r
                0x000000000800a090       0x5e c:/st/stm32cubeide_1.12.0/stm32cubeide/plugins/com.st.stm32cube.ide.mcu.externaltools.gnu-tools-for-stm32.10.3-2021.10.win32_1.0.200.202301161003/tools/bin/../lib/gcc/arm-none-eabi/10.3.1/../../../../arm-none-eabi/lib/thumb/v7e-m+fp/hard\libc_nano.a(lib_a-nano-reallocr.o)
                0x000000000800a090                _realloc_r
 *fill*         0x000000000800a0ee        0x2 
 .text._sbrk_r  0x000000000800a0f0       0x20 c:/st/stm32cubeide_1.12.0/stm32cubeide/plugins/com.st.stm32cube.ide.mcu.externaltools.gnu-tools-for-stm32.10.3-2021.10.win32_1.0.200.202301161003/tools/bin/../lib/gcc/arm-none-eabi/10.3.1/../../../../arm-none-eabi/lib/thumb/v7e-m+fp/hard\libc_nano.a(lib_a-sbrkr.o)
                0x000000000800a0f0                _sbrk_r
 .text.__malloc_lock
                0x000000000800a110        0xc c:/st/stm32cubeide_1.12.0/stm32cubeide/plugins/com.st.stm32cube.ide.mcu.externaltools.gnu-tools-for-stm32.10.3-2021.10.win32_1.0.200.202301161003/tools/bin/../lib/gcc/arm-none-eabi/10.3.1/../../../../arm-none-eabi/lib/thumb/v7e-m+fp/hard\libc_nano.a(lib_a-mlock.o)
                0x000000000800a110                __malloc_lock
 .text.__malloc_unlock
                0x000000000800a11c        0xc c:/st/stm32cubeide_1.12.0/stm32cubeide/plugins/com.st.stm32cube.ide.mcu.externaltools.gnu-tools-for-stm32.10.3-2021.10.win32_1.0.200.202301161003/tools/bin/../lib/gcc/arm-none-eabi/10.3.1/../../../../arm-none-eabi/lib/thumb/v7e-m+fp/hard\libc_nano.a(lib_a-mlock.o)
                0x000000000800a11c                __malloc_unlock
 .text._malloc_usable_size_r
                0x000000000800a128       0x10 c:/st/stm32cubeide_1.12.0/stm32cubeide/plugins/com.st.stm32cube.ide.mcu.externaltools.gnu-tools-for-stm32.10.3-2021.10.win32_1.0.200.202301161003/tools/bin/../lib/gcc/arm-none-eabi/10.3.1/../../../../arm-none-eabi/lib/thumb/v7e-m+fp/hard\libc_nano.a(lib_a-nano-msizer.o)
                0x000000000800a128                _malloc_usable_size_r
 .text.__retarget_lock_acquire_recursive
                0x000000000800a138        0x2 c:/st/stm32cubeide_1.12.0/stm32cubeide/plugins/com.st.stm32cube.ide.mcu.externaltools.gnu-tools-for-stm32.10.3-2021.10.win32_1.0.200.202301161003/tools/bin/../lib/gcc/arm-none-eabi/10.3.1/../../../../arm-none-eabi/lib/thumb/v7e-m+fp/hard\libc_nano.a(lib_a-lock.o)
                0x000000000800a138                __retarget_lock_acquire_recursive
 .text.__retarget_lock_release_recursive
                0x000000000800a13a        0x2 c:/st/stm32cubeide_1.12.0/stm32cubeide/plugins/com.st.stm32cube.ide.mcu.externaltools.gnu-tools-for-stm32.10.3-2021.10.win32_1.0.200.202301161003/tools/bin/../lib/gcc/arm-none-eabi/10.3.1/../../../../arm-none-eabi/lib/thumb/v7e-m+fp/hard\libc_nano.a(lib_a-lock.o)
                0x000000000800a13a                __retarget_lock_release_recursive
 *(.glue_7)
 .glue_7        0x000000000800a13c        0x0 linker stubs
 *(.glue_7t)
 .glue_7t       0x000000000800a13c        0x0 linker stubs
 *(.eh_frame)
 .eh_frame      0x000000000800a13c        0x0 c:/st/stm32cubeide_1.12.0/stm32cubeide/plugins/com.st.stm32cube.ide.mcu.externaltools.gnu-tools-for-stm32.10.3-2021.10.win32_1.0.200.202301161003/tools/bin/../lib/gcc/arm-none-eabi/10.3.1/thumb/v7e-m+fp/hard/crtbegin.o
 *(.init)
 .init          0x000000000800a13c        0x4 c:/st/stm32cubeide_1.12.0/stm32cubeide/plugins/com.st.stm32cube.ide.mcu.externaltools.gnu-tools-for-stm32.10.3-2021.10.win32_1.0.200.202301161003/tools/bin/../lib/gcc/arm-none-eabi/10.3.1/thumb/v7e-m+fp/hard/crti.o
                0x000000000800a13c                _init
 .init          0x000000000800a140        0x8 c:/st/stm32cubeide_1.12.0/stm32cubeide/plugins/com.st.stm32cube.ide.mcu.externaltools.gnu-tools-for-stm32.10.3-2021.10.win32_1.0.200.202301161003/tools/bin/../lib/gcc/arm-none-eabi/10.3.1/thumb/v7e-m+fp/hard/crtn.o
 *(.fini)
 .fini          0x000000000800a148        0x4 c:/st/stm32cubeide_1.12.0/stm32cubeide/plugins/com.st.stm32cube.ide.mcu.externaltools.gnu-tools-for-stm32.10.3-2021.10.win32_1.0.200.202301161003/tools/bin/../lib/gcc/arm-none-eabi/10.3.1/thumb/v7e-m+fp/hard/crti.o
                0x000000000800a148                _fini
 .fini          0x000000000800a14c        0x8 c:/st/stm32cubeide_1.12.0/stm32cubeide/plugins/com.st.stm32cube.ide.mcu.externaltools.gnu-tools-for-stm32.10.3-2021.10.win32_1.0.200.202301161003/tools/bin/../lib/gcc/arm-none-eabi/10.3.1/thumb/v7e-m+fp/hard/crtn.o
                0x000000000800a154                . = ALIGN (0x4)
                0x000000000800a154                _etext = .

.vfp11_veneer   0x000000000800a154        0x0
 .vfp11_veneer  0x000000000800a154        0x0 linker stubs

.v4_bx          0x000000000800a154        0x0
 .v4_bx         0x000000000800a154        0x0 linker stubs

.iplt           0x000000000800a154        0x0
 .iplt          0x000000000800a154        0x0 c:/st/stm32cubeide_1.12.0/stm32cubeide/plugins/com.st.stm32cube.ide.mcu.externaltools.gnu-tools-for-stm32.10.3-2021.10.win32_1.0.200.202301161003/tools/bin/../lib/gcc/arm-none-eabi/10.3.1/thumb/v7e-m+fp/hard/crtbegin.o

.rodata         0x000000000800a154       0xc8
                0x000000000800a154                . = ALIGN (0x4)
 *(.rodata)
 .rodata        0x000000000800a154       0x32 ./Core/Src/main.o
 *fill*         0x000000000800a186        0x2 
 .rodata        0x000000000800a188       0x46 ./USB_DEVICE/App/usbd_desc.o
 *(.rodata*)
 *fill*         0x000000000800a1ce        0x2 
 .rodata.AHBPrescTable
                0x000000000800a1d0       0x10 ./Core/Src/system_stm32f4xx.o
                0x000000000800a1d0                AHBPrescTable
 .rodata.APBPrescTable
                0x000000000800a1e0        0x8 ./Core/Src/system_stm32f4xx.o
                0x000000000800a1e0                APBPrescTable
 .rodata._svfprintf_r.str1.1
                0x000000000800a1e8       0x11 c:/st/stm32cubeide_1.12.0/stm32cubeide/plugins/com.st.stm32cube.ide.mcu.externaltools.gnu-tools-for-stm32.10.3-2021.10.win32_1.0.200.202301161003/tools/bin/../lib/gcc/arm-none-eabi/10.3.1/../../../../arm-none-eabi/lib/thumb/v7e-m+fp/hard\libc_nano.a(lib_a-nano-svfprintf.o)
 .rodata._printf_i.str1.1
                0x000000000800a1f9       0x22 c:/st/stm32cubeide_1.12.0/stm32cubeide/plugins/com.st.stm32cube.ide.mcu.externaltools.gnu-tools-for-stm32.10.3-2021.10.win32_1.0.200.202301161003/tools/bin/../lib/gcc/arm-none-eabi/10.3.1/../../../../arm-none-eabi/lib/thumb/v7e-m+fp/hard\libc_nano.a(lib_a-nano-vfprintf_i.o)
                0x000000000800a21c                . = ALIGN (0x4)
 *fill*         0x000000000800a21b        0x1 

.ARM.extab      0x000000000800a21c        0x0
                0x000000000800a21c                . = ALIGN (0x4)
 *(.ARM.extab* .gnu.linkonce.armextab.*)
                0x000000000800a21c                . = ALIGN (0x4)

.ARM            0x000000000800a21c        0x8
                0x000000000800a21c                . = ALIGN (0x4)
                0x000000000800a21c                __exidx_start = .
 *(.ARM.exidx*)
 .ARM.exidx     0x000000000800a21c        0x8 c:/st/stm32cubeide_1.12.0/stm32cubeide/plugins/com.st.stm32cube.ide.mcu.externaltools.gnu-tools-for-stm32.10.3-2021.10.win32_1.0.200.202301161003/tools/bin/../lib/gcc/arm-none-eabi/10.3.1/thumb/v7e-m+fp/hard\libgcc.a(_udivmoddi4.o)
                0x000000000800a224                __exidx_end = .
                0x000000000800a224                . = ALIGN (0x4)

.rel.dyn        0x000000000800a224        0x0
 .rel.iplt      0x000000000800a224        0x0 c:/st/stm32cubeide_1.12.0/stm32cubeide/plugins/com.st.stm32cube.ide.mcu.externaltools.gnu-tools-for-stm32.10.3-2021.10.win32_1.0.200.202301161003/tools/bin/../lib/gcc/arm-none-eabi/10.3.1/thumb/v7e-m+fp/hard/crtbegin.o

.preinit_array  0x000000000800a224        0x0
                0x000000000800a224                . = ALIGN (0x4)
                0x000000000800a224                PROVIDE (__preinit_array_start = .)
 *(.preinit_array*)
                0x000000000800a224                PROVIDE (__preinit_array_end = .)
                0x000000000800a224                . = ALIGN (0x4)

.init_array     0x000000000800a224        0x4
                0x000000000800a224                . = ALIGN (0x4)
                0x000000000800a224                PROVIDE (__init_array_start = .)
 *(SORT_BY_NAME(.init_array.*))
 *(.init_array*)
 .init_array    0x000000000800a224        0x4 c:/st/stm32cubeide_1.12.0/stm32cubeide/plugins/com.st.stm32cube.ide.mcu.externaltools.gnu-tools-for-stm32.10.3-2021.10.win32_1.0.200.202301161003/tools/bin/../lib/gcc/arm-none-eabi/10.3.1/thumb/v7e-m+fp/hard/crtbegin.o
                0x000000000800a228                PROVIDE (__init_array_end = .)
                0x000000000800a228                . = ALIGN (0x4)

.fini_array     0x000000000800a228        0x4
                0x000000000800a228                . = ALIGN (0x4)
                [!provide]                        PROVIDE (__fini_array_start = .)
 *(SORT_BY_NAME(.fini_array.*))
 *(.fini_array*)
 .fini_array    0x000000000800a228        0x4 c:/st/stm32cubeide_1.12.0/stm32cubeide/plugins/com.st.stm32cube.ide.mcu.externaltools.gnu-tools-for-stm32.10.3-2021.10.win32_1.0.200.202301161003/tools/bin/../lib/gcc/arm-none-eabi/10.3.1/thumb/v7e-m+fp/hard/crtbegin.o
                [!provide]                        PROVIDE (__fini_array_end = .)
                0x000000000800a22c                . = ALIGN (0x4)
                0x000000000800a22c                _sidata = LOADADDR (.data)

.data           0x0000000020000000      0x1cc load address 0x000000000800a22c
                0x0000000020000000                . = ALIGN (0x4)
                0x0000000020000000                _sdata = .
 *(.data)
 *(.data*)
 .data.Lis302dlDrv
                0x0000000020000000       0x34 ./Core/Src/lis302dl.o
                0x0000000020000000                Lis302dlDrv
 .data.Lis3dshDrv
                0x0000000020000034       0x34 ./Core/Src/lis3dsh.o
                0x0000000020000034                Lis3dshDrv
 .data.SpixTimeout
                0x0000000020000068        0x4 ./Core/Src/stm32f4_discovery.o
                0x0000000020000068                SpixTimeout
 .data.SystemCoreClock
                0x000000002000006c        0x4 ./Core/Src/system_stm32f4xx.o
                0x000000002000006c                SystemCoreClock
 .data.uwTickPrio
                0x0000000020000070        0x4 ./Drivers/STM32F4xx_HAL_Driver/Src/stm32f4xx_hal.o
                0x0000000020000070                uwTickPrio
 .data.uwTickFreq
                0x0000000020000074        0x1 ./Drivers/STM32F4xx_HAL_Driver/Src/stm32f4xx_hal.o
                0x0000000020000074                uwTickFreq
 *fill*         0x0000000020000075        0x3 
 .data.USBD_CDC_DeviceQualifierDesc
                0x0000000020000078        0xa ./Middlewares/ST/STM32_USB_Device_Library/Class/CDC/Src/usbd_cdc.o
 *fill*         0x0000000020000082        0x2 
 .data.USBD_CDC
                0x0000000020000084       0x38 ./Middlewares/ST/STM32_USB_Device_Library/Class/CDC/Src/usbd_cdc.o
                0x0000000020000084                USBD_CDC
 .data.USBD_CDC_CfgDesc
                0x00000000200000bc       0x43 ./Middlewares/ST/STM32_USB_Device_Library/Class/CDC/Src/usbd_cdc.o
 .data.CDCInEpAdd
                0x00000000200000ff        0x1 ./Middlewares/ST/STM32_USB_Device_Library/Class/CDC/Src/usbd_cdc.o
 .data.CDCOutEpAdd
                0x0000000020000100        0x1 ./Middlewares/ST/STM32_USB_Device_Library/Class/CDC/Src/usbd_cdc.o
 .data.CDCCmdEpAdd
                0x0000000020000101        0x1 ./Middlewares/ST/STM32_USB_Device_Library/Class/CDC/Src/usbd_cdc.o
 *fill*         0x0000000020000102        0x2 
 .data.USBD_Interface_fops_FS
                0x0000000020000104       0x14 ./USB_DEVICE/App/usbd_cdc_if.o
                0x0000000020000104                USBD_Interface_fops_FS
 .data.FS_Desc  0x0000000020000118       0x1c ./USB_DEVICE/App/usbd_desc.o
                0x0000000020000118                FS_Desc
 .data.USBD_FS_DeviceDesc
                0x0000000020000134       0x12 ./USB_DEVICE/App/usbd_desc.o
                0x0000000020000134                USBD_FS_DeviceDesc
 *fill*         0x0000000020000146        0x2 
 .data.USBD_LangIDDesc
                0x0000000020000148        0x4 ./USB_DEVICE/App/usbd_desc.o
                0x0000000020000148                USBD_LangIDDesc
 .data.USBD_StringSerial
                0x000000002000014c       0x1a ./USB_DEVICE/App/usbd_desc.o
                0x000000002000014c                USBD_StringSerial
 *fill*         0x0000000020000166        0x2 
 .data._impure_ptr
                0x0000000020000168        0x4 c:/st/stm32cubeide_1.12.0/stm32cubeide/plugins/com.st.stm32cube.ide.mcu.externaltools.gnu-tools-for-stm32.10.3-2021.10.win32_1.0.200.202301161003/tools/bin/../lib/gcc/arm-none-eabi/10.3.1/../../../../arm-none-eabi/lib/thumb/v7e-m+fp/hard\libc_nano.a(lib_a-impure.o)
                0x0000000020000168                _impure_ptr
 .data.impure_data
                0x000000002000016c       0x60 c:/st/stm32cubeide_1.12.0/stm32cubeide/plugins/com.st.stm32cube.ide.mcu.externaltools.gnu-tools-for-stm32.10.3-2021.10.win32_1.0.200.202301161003/tools/bin/../lib/gcc/arm-none-eabi/10.3.1/../../../../arm-none-eabi/lib/thumb/v7e-m+fp/hard\libc_nano.a(lib_a-impure.o)
 *(.RamFunc)
 *(.RamFunc*)
                0x00000000200001cc                . = ALIGN (0x4)
                0x00000000200001cc                _edata = .
                0x000000000800a3f8                _siccmram = LOADADDR (.ccmram)

.igot.plt       0x00000000200001cc        0x0 load address 0x000000000800a3f8
 .igot.plt      0x00000000200001cc        0x0 c:/st/stm32cubeide_1.12.0/stm32cubeide/plugins/com.st.stm32cube.ide.mcu.externaltools.gnu-tools-for-stm32.10.3-2021.10.win32_1.0.200.202301161003/tools/bin/../lib/gcc/arm-none-eabi/10.3.1/thumb/v7e-m+fp/hard/crtbegin.o

.ccmram         0x0000000010000000        0x0 load address 0x000000000800a3f8
                0x0000000010000000                . = ALIGN (0x4)
                0x0000000010000000                _sccmram = .
 *(.ccmram)
 *(.ccmram*)
                0x0000000010000000                . = ALIGN (0x4)
                0x0000000010000000                _eccmram = .
                0x0000000010000000                . = ALIGN (0x4)

.bss            0x00000000200001cc     0x1e08
                0x00000000200001cc                _sbss = .
                0x00000000200001cc                __bss_start__ = _sbss
 *(.bss)
 .bss           0x00000000200001cc       0x1c c:/st/stm32cubeide_1.12.0/stm32cubeide/plugins/com.st.stm32cube.ide.mcu.externaltools.gnu-tools-for-stm32.10.3-2021.10.win32_1.0.200.202301161003/tools/bin/../lib/gcc/arm-none-eabi/10.3.1/thumb/v7e-m+fp/hard/crtbegin.o
 *(.bss*)
 .bss.hi2c1     0x00000000200001e8       0x54 ./Core/Src/main.o
                0x00000000200001e8                hi2c1
 .bss.hi2s3     0x000000002000023c       0x48 ./Core/Src/main.o
                0x000000002000023c                hi2s3
 .bss.hspi1     0x0000000020000284       0x58 ./Core/Src/main.o
                0x0000000020000284                hspi1
 .bss.accData   0x00000000200002dc        0x6 ./Core/Src/main.o
                0x00000000200002dc                accData
 *fill*         0x00000000200002e2        0x2 
 .bss.strTemp   0x00000000200002e4       0x64 ./Core/Src/main.o
                0x00000000200002e4                strTemp
 .bss.click     0x0000000020000348        0x1 ./Core/Src/main.o
                0x0000000020000348                click
 *fill*         0x0000000020000349        0x3 
 .bss.SpiHandle
                0x000000002000034c       0x58 ./Core/Src/stm32f4_discovery.o
 .bss.AcceleroDrv
                0x00000000200003a4        0x4 ./Core/Src/stm32f4_discovery_accelerometer.o
 .bss.__sbrk_heap_end
                0x00000000200003a8        0x4 ./Core/Src/sysmem.o
 .bss.uwTick    0x00000000200003ac        0x4 ./Drivers/STM32F4xx_HAL_Driver/Src/stm32f4xx_hal.o
                0x00000000200003ac                uwTick
 .bss.cfgidx.0  0x00000000200003b0        0x1 ./Middlewares/ST/STM32_USB_Device_Library/Core/Src/usbd_ctlreq.o
 *fill*         0x00000000200003b1        0x3 
 .bss.hUsbDeviceFS
                0x00000000200003b4      0x2dc ./USB_DEVICE/App/usb_device.o
                0x00000000200003b4                hUsbDeviceFS
 .bss.UserRxBufferFS
                0x0000000020000690      0x800 ./USB_DEVICE/App/usbd_cdc_if.o
                0x0000000020000690                UserRxBufferFS
 .bss.UserTxBufferFS
                0x0000000020000e90      0x800 ./USB_DEVICE/App/usbd_cdc_if.o
                0x0000000020000e90                UserTxBufferFS
 .bss.temp      0x0000000020001690        0x7 ./USB_DEVICE/App/usbd_cdc_if.o
                0x0000000020001690                temp
 *fill*         0x0000000020001697        0x1 
 .bss.USBD_StrDesc
                0x0000000020001698      0x200 ./USB_DEVICE/App/usbd_desc.o
                0x0000000020001698                USBD_StrDesc
 .bss.hpcd_USB_OTG_FS
                0x0000000020001898      0x50c ./USB_DEVICE/Target/usbd_conf.o
                0x0000000020001898                hpcd_USB_OTG_FS
 .bss.mem.0     0x0000000020001da4      0x220 ./USB_DEVICE/Target/usbd_conf.o
 .bss.__malloc_free_list
                0x0000000020001fc4        0x4 c:/st/stm32cubeide_1.12.0/stm32cubeide/plugins/com.st.stm32cube.ide.mcu.externaltools.gnu-tools-for-stm32.10.3-2021.10.win32_1.0.200.202301161003/tools/bin/../lib/gcc/arm-none-eabi/10.3.1/../../../../arm-none-eabi/lib/thumb/v7e-m+fp/hard\libc_nano.a(lib_a-nano-mallocr.o)
                0x0000000020001fc4                __malloc_free_list
 .bss.__malloc_sbrk_start
                0x0000000020001fc8        0x4 c:/st/stm32cubeide_1.12.0/stm32cubeide/plugins/com.st.stm32cube.ide.mcu.externaltools.gnu-tools-for-stm32.10.3-2021.10.win32_1.0.200.202301161003/tools/bin/../lib/gcc/arm-none-eabi/10.3.1/../../../../arm-none-eabi/lib/thumb/v7e-m+fp/hard\libc_nano.a(lib_a-nano-mallocr.o)
                0x0000000020001fc8                __malloc_sbrk_start
 .bss.errno     0x0000000020001fcc        0x4 c:/st/stm32cubeide_1.12.0/stm32cubeide/plugins/com.st.stm32cube.ide.mcu.externaltools.gnu-tools-for-stm32.10.3-2021.10.win32_1.0.200.202301161003/tools/bin/../lib/gcc/arm-none-eabi/10.3.1/../../../../arm-none-eabi/lib/thumb/v7e-m+fp/hard\libc_nano.a(lib_a-reent.o)
                0x0000000020001fcc                errno
 .bss.__lock___malloc_recursive_mutex
                0x0000000020001fd0        0x1 c:/st/stm32cubeide_1.12.0/stm32cubeide/plugins/com.st.stm32cube.ide.mcu.externaltools.gnu-tools-for-stm32.10.3-2021.10.win32_1.0.200.202301161003/tools/bin/../lib/gcc/arm-none-eabi/10.3.1/../../../../arm-none-eabi/lib/thumb/v7e-m+fp/hard\libc_nano.a(lib_a-lock.o)
                0x0000000020001fd0                __lock___malloc_recursive_mutex
 *(COMMON)
                0x0000000020001fd4                . = ALIGN (0x4)
 *fill*         0x0000000020001fd1        0x3 
                0x0000000020001fd4                _ebss = .
                0x0000000020001fd4                __bss_end__ = _ebss

._user_heap_stack
                0x0000000020001fd4      0x604
                0x0000000020001fd8                . = ALIGN (0x8)
 *fill*         0x0000000020001fd4        0x4 
                [!provide]                        PROVIDE (end = .)
                0x0000000020001fd8                PROVIDE (_end = .)
                0x00000000200021d8                . = (. + _Min_Heap_Size)
 *fill*         0x0000000020001fd8      0x200 
                0x00000000200025d8                . = (. + _Min_Stack_Size)
 *fill*         0x00000000200021d8      0x400 
                0x00000000200025d8                . = ALIGN (0x8)

/DISCARD/
 libc.a(*)
 libm.a(*)
 libgcc.a(*)

.ARM.attributes
                0x0000000000000000       0x30
 *(.ARM.attributes)
 .ARM.attributes
                0x0000000000000000       0x1e c:/st/stm32cubeide_1.12.0/stm32cubeide/plugins/com.st.stm32cube.ide.mcu.externaltools.gnu-tools-for-stm32.10.3-2021.10.win32_1.0.200.202301161003/tools/bin/../lib/gcc/arm-none-eabi/10.3.1/thumb/v7e-m+fp/hard/crti.o
 .ARM.attributes
                0x000000000000001e       0x34 c:/st/stm32cubeide_1.12.0/stm32cubeide/plugins/com.st.stm32cube.ide.mcu.externaltools.gnu-tools-for-stm32.10.3-2021.10.win32_1.0.200.202301161003/tools/bin/../lib/gcc/arm-none-eabi/10.3.1/thumb/v7e-m+fp/hard/crtbegin.o
 .ARM.attributes
                0x0000000000000052       0x34 ./Core/Src/lis302dl.o
 .ARM.attributes
                0x0000000000000086       0x34 ./Core/Src/lis3dsh.o
 .ARM.attributes
                0x00000000000000ba       0x34 ./Core/Src/main.o
 .ARM.attributes
                0x00000000000000ee       0x34 ./Core/Src/stm32f4_discovery.o
 .ARM.attributes
                0x0000000000000122       0x34 ./Core/Src/stm32f4_discovery_accelerometer.o
 .ARM.attributes
                0x0000000000000156       0x34 ./Core/Src/stm32f4xx_hal_msp.o
 .ARM.attributes
                0x000000000000018a       0x34 ./Core/Src/stm32f4xx_it.o
 .ARM.attributes
                0x00000000000001be       0x34 ./Core/Src/sysmem.o
 .ARM.attributes
                0x00000000000001f2       0x34 ./Core/Src/system_stm32f4xx.o
 .ARM.attributes
                0x0000000000000226       0x21 ./Core/Startup/startup_stm32f407vgtx.o
 .ARM.attributes
                0x0000000000000247       0x34 ./Drivers/STM32F4xx_HAL_Driver/Src/stm32f4xx_hal.o
 .ARM.attributes
                0x000000000000027b       0x34 ./Drivers/STM32F4xx_HAL_Driver/Src/stm32f4xx_hal_cortex.o
 .ARM.attributes
                0x00000000000002af       0x34 ./Drivers/STM32F4xx_HAL_Driver/Src/stm32f4xx_hal_gpio.o
 .ARM.attributes
                0x00000000000002e3       0x34 ./Drivers/STM32F4xx_HAL_Driver/Src/stm32f4xx_hal_i2c.o
 .ARM.attributes
                0x0000000000000317       0x34 ./Drivers/STM32F4xx_HAL_Driver/Src/stm32f4xx_hal_i2s.o
 .ARM.attributes
                0x000000000000034b       0x34 ./Drivers/STM32F4xx_HAL_Driver/Src/stm32f4xx_hal_i2s_ex.o
 .ARM.attributes
                0x000000000000037f       0x34 ./Drivers/STM32F4xx_HAL_Driver/Src/stm32f4xx_hal_pcd.o
 .ARM.attributes
                0x00000000000003b3       0x34 ./Drivers/STM32F4xx_HAL_Driver/Src/stm32f4xx_hal_pcd_ex.o
 .ARM.attributes
                0x00000000000003e7       0x34 ./Drivers/STM32F4xx_HAL_Driver/Src/stm32f4xx_hal_rcc.o
 .ARM.attributes
                0x000000000000041b       0x34 ./Drivers/STM32F4xx_HAL_Driver/Src/stm32f4xx_hal_rcc_ex.o
 .ARM.attributes
                0x000000000000044f       0x34 ./Drivers/STM32F4xx_HAL_Driver/Src/stm32f4xx_hal_spi.o
 .ARM.attributes
                0x0000000000000483       0x34 ./Drivers/STM32F4xx_HAL_Driver/Src/stm32f4xx_ll_usb.o
 .ARM.attributes
                0x00000000000004b7       0x34 ./Middlewares/ST/STM32_USB_Device_Library/Class/CDC/Src/usbd_cdc.o
 .ARM.attributes
                0x00000000000004eb       0x34 ./Middlewares/ST/STM32_USB_Device_Library/Core/Src/usbd_core.o
 .ARM.attributes
                0x000000000000051f       0x34 ./Middlewares/ST/STM32_USB_Device_Library/Core/Src/usbd_ctlreq.o
 .ARM.attributes
                0x0000000000000553       0x34 ./Middlewares/ST/STM32_USB_Device_Library/Core/Src/usbd_ioreq.o
 .ARM.attributes
                0x0000000000000587       0x34 ./USB_DEVICE/App/usb_device.o
 .ARM.attributes
                0x00000000000005bb       0x34 ./USB_DEVICE/App/usbd_cdc_if.o
 .ARM.attributes
                0x00000000000005ef       0x34 ./USB_DEVICE/App/usbd_desc.o
 .ARM.attributes
                0x0000000000000623       0x34 ./USB_DEVICE/Target/usbd_conf.o
 .ARM.attributes
                0x0000000000000657       0x34 c:/st/stm32cubeide_1.12.0/stm32cubeide/plugins/com.st.stm32cube.ide.mcu.externaltools.gnu-tools-for-stm32.10.3-2021.10.win32_1.0.200.202301161003/tools/bin/../lib/gcc/arm-none-eabi/10.3.1/../../../../arm-none-eabi/lib/thumb/v7e-m+fp/hard\libc_nano.a(lib_a-errno.o)
 .ARM.attributes
                0x000000000000068b       0x34 c:/st/stm32cubeide_1.12.0/stm32cubeide/plugins/com.st.stm32cube.ide.mcu.externaltools.gnu-tools-for-stm32.10.3-2021.10.win32_1.0.200.202301161003/tools/bin/../lib/gcc/arm-none-eabi/10.3.1/../../../../arm-none-eabi/lib/thumb/v7e-m+fp/hard\libc_nano.a(lib_a-impure.o)
 .ARM.attributes
                0x00000000000006bf       0x34 c:/st/stm32cubeide_1.12.0/stm32cubeide/plugins/com.st.stm32cube.ide.mcu.externaltools.gnu-tools-for-stm32.10.3-2021.10.win32_1.0.200.202301161003/tools/bin/../lib/gcc/arm-none-eabi/10.3.1/../../../../arm-none-eabi/lib/thumb/v7e-m+fp/hard\libc_nano.a(lib_a-init.o)
 .ARM.attributes
                0x00000000000006f3       0x34 c:/st/stm32cubeide_1.12.0/stm32cubeide/plugins/com.st.stm32cube.ide.mcu.externaltools.gnu-tools-for-stm32.10.3-2021.10.win32_1.0.200.202301161003/tools/bin/../lib/gcc/arm-none-eabi/10.3.1/../../../../arm-none-eabi/lib/thumb/v7e-m+fp/hard\libc_nano.a(lib_a-memset.o)
 .ARM.attributes
                0x0000000000000727       0x34 c:/st/stm32cubeide_1.12.0/stm32cubeide/plugins/com.st.stm32cube.ide.mcu.externaltools.gnu-tools-for-stm32.10.3-2021.10.win32_1.0.200.202301161003/tools/bin/../lib/gcc/arm-none-eabi/10.3.1/../../../../arm-none-eabi/lib/thumb/v7e-m+fp/hard\libc_nano.a(lib_a-sprintf.o)
 .ARM.attributes
                0x000000000000075b       0x17 c:/st/stm32cubeide_1.12.0/stm32cubeide/plugins/com.st.stm32cube.ide.mcu.externaltools.gnu-tools-for-stm32.10.3-2021.10.win32_1.0.200.202301161003/tools/bin/../lib/gcc/arm-none-eabi/10.3.1/../../../../arm-none-eabi/lib/thumb/v7e-m+fp/hard\libc_nano.a(lib_a-strlen.o)
 .ARM.attributes
                0x0000000000000772       0x34 c:/st/stm32cubeide_1.12.0/stm32cubeide/plugins/com.st.stm32cube.ide.mcu.externaltools.gnu-tools-for-stm32.10.3-2021.10.win32_1.0.200.202301161003/tools/bin/../lib/gcc/arm-none-eabi/10.3.1/../../../../arm-none-eabi/lib/thumb/v7e-m+fp/hard\libc_nano.a(lib_a-strncmp.o)
 .ARM.attributes
                0x00000000000007a6       0x34 c:/st/stm32cubeide_1.12.0/stm32cubeide/plugins/com.st.stm32cube.ide.mcu.externaltools.gnu-tools-for-stm32.10.3-2021.10.win32_1.0.200.202301161003/tools/bin/../lib/gcc/arm-none-eabi/10.3.1/../../../../arm-none-eabi/lib/thumb/v7e-m+fp/hard\libc_nano.a(lib_a-nano-svfprintf.o)
 .ARM.attributes
                0x00000000000007da       0x34 c:/st/stm32cubeide_1.12.0/stm32cubeide/plugins/com.st.stm32cube.ide.mcu.externaltools.gnu-tools-for-stm32.10.3-2021.10.win32_1.0.200.202301161003/tools/bin/../lib/gcc/arm-none-eabi/10.3.1/../../../../arm-none-eabi/lib/thumb/v7e-m+fp/hard\libc_nano.a(lib_a-nano-vfprintf_i.o)
 .ARM.attributes
                0x000000000000080e       0x1c c:/st/stm32cubeide_1.12.0/stm32cubeide/plugins/com.st.stm32cube.ide.mcu.externaltools.gnu-tools-for-stm32.10.3-2021.10.win32_1.0.200.202301161003/tools/bin/../lib/gcc/arm-none-eabi/10.3.1/../../../../arm-none-eabi/lib/thumb/v7e-m+fp/hard\libc_nano.a(lib_a-memchr.o)
 .ARM.attributes
                0x000000000000082a       0x34 c:/st/stm32cubeide_1.12.0/stm32cubeide/plugins/com.st.stm32cube.ide.mcu.externaltools.gnu-tools-for-stm32.10.3-2021.10.win32_1.0.200.202301161003/tools/bin/../lib/gcc/arm-none-eabi/10.3.1/../../../../arm-none-eabi/lib/thumb/v7e-m+fp/hard\libc_nano.a(lib_a-memcpy-stub.o)
 .ARM.attributes
                0x000000000000085e       0x34 c:/st/stm32cubeide_1.12.0/stm32cubeide/plugins/com.st.stm32cube.ide.mcu.externaltools.gnu-tools-for-stm32.10.3-2021.10.win32_1.0.200.202301161003/tools/bin/../lib/gcc/arm-none-eabi/10.3.1/../../../../arm-none-eabi/lib/thumb/v7e-m+fp/hard\libc_nano.a(lib_a-memmove.o)
 .ARM.attributes
                0x0000000000000892       0x34 c:/st/stm32cubeide_1.12.0/stm32cubeide/plugins/com.st.stm32cube.ide.mcu.externaltools.gnu-tools-for-stm32.10.3-2021.10.win32_1.0.200.202301161003/tools/bin/../lib/gcc/arm-none-eabi/10.3.1/../../../../arm-none-eabi/lib/thumb/v7e-m+fp/hard\libc_nano.a(lib_a-nano-freer.o)
 .ARM.attributes
                0x00000000000008c6       0x34 c:/st/stm32cubeide_1.12.0/stm32cubeide/plugins/com.st.stm32cube.ide.mcu.externaltools.gnu-tools-for-stm32.10.3-2021.10.win32_1.0.200.202301161003/tools/bin/../lib/gcc/arm-none-eabi/10.3.1/../../../../arm-none-eabi/lib/thumb/v7e-m+fp/hard\libc_nano.a(lib_a-nano-mallocr.o)
 .ARM.attributes
                0x00000000000008fa       0x34 c:/st/stm32cubeide_1.12.0/stm32cubeide/plugins/com.st.stm32cube.ide.mcu.externaltools.gnu-tools-for-stm32.10.3-2021.10.win32_1.0.200.202301161003/tools/bin/../lib/gcc/arm-none-eabi/10.3.1/../../../../arm-none-eabi/lib/thumb/v7e-m+fp/hard\libc_nano.a(lib_a-nano-reallocr.o)
 .ARM.attributes
                0x000000000000092e       0x34 c:/st/stm32cubeide_1.12.0/stm32cubeide/plugins/com.st.stm32cube.ide.mcu.externaltools.gnu-tools-for-stm32.10.3-2021.10.win32_1.0.200.202301161003/tools/bin/../lib/gcc/arm-none-eabi/10.3.1/../../../../arm-none-eabi/lib/thumb/v7e-m+fp/hard\libc_nano.a(lib_a-sbrkr.o)
 .ARM.attributes
                0x0000000000000962       0x34 c:/st/stm32cubeide_1.12.0/stm32cubeide/plugins/com.st.stm32cube.ide.mcu.externaltools.gnu-tools-for-stm32.10.3-2021.10.win32_1.0.200.202301161003/tools/bin/../lib/gcc/arm-none-eabi/10.3.1/../../../../arm-none-eabi/lib/thumb/v7e-m+fp/hard\libc_nano.a(lib_a-mlock.o)
 .ARM.attributes
                0x0000000000000996       0x34 c:/st/stm32cubeide_1.12.0/stm32cubeide/plugins/com.st.stm32cube.ide.mcu.externaltools.gnu-tools-for-stm32.10.3-2021.10.win32_1.0.200.202301161003/tools/bin/../lib/gcc/arm-none-eabi/10.3.1/../../../../arm-none-eabi/lib/thumb/v7e-m+fp/hard\libc_nano.a(lib_a-nano-msizer.o)
 .ARM.attributes
                0x00000000000009ca       0x34 c:/st/stm32cubeide_1.12.0/stm32cubeide/plugins/com.st.stm32cube.ide.mcu.externaltools.gnu-tools-for-stm32.10.3-2021.10.win32_1.0.200.202301161003/tools/bin/../lib/gcc/arm-none-eabi/10.3.1/../../../../arm-none-eabi/lib/thumb/v7e-m+fp/hard\libc_nano.a(lib_a-reent.o)
 .ARM.attributes
                0x00000000000009fe       0x34 c:/st/stm32cubeide_1.12.0/stm32cubeide/plugins/com.st.stm32cube.ide.mcu.externaltools.gnu-tools-for-stm32.10.3-2021.10.win32_1.0.200.202301161003/tools/bin/../lib/gcc/arm-none-eabi/10.3.1/../../../../arm-none-eabi/lib/thumb/v7e-m+fp/hard\libc_nano.a(lib_a-lock.o)
 .ARM.attributes
                0x0000000000000a32       0x1e c:/st/stm32cubeide_1.12.0/stm32cubeide/plugins/com.st.stm32cube.ide.mcu.externaltools.gnu-tools-for-stm32.10.3-2021.10.win32_1.0.200.202301161003/tools/bin/../lib/gcc/arm-none-eabi/10.3.1/thumb/v7e-m+fp/hard\libgcc.a(_aeabi_uldivmod.o)
 .ARM.attributes